EE...........EE..............EEEEEEEEEEEEEEEEEEEEEE/app/skills/market_portfolio_collector_agent.py:21: DeprecationWarning: datetime.datetime.utcnow() is deprecated and scheduled for removal in a future version. Use timezone-aware objects to represent datetimes in UTC: datetime.datetime.now(datetime.UTC).
  "timestamp": datetime.utcnow().isoformat()
...........EEEEEEEE.............EEEEEEEEEEEEEEEE2026-10-09 07:41:24,732 - market_portfolio_stress_audit_summary_vault - INFO - Exporting storage target: /tmp/tmpkv34kahv/4870372c37fb40509e5e27ee71d4faf7.json in format: json
2026-10-09 07:41:24,733 - market_portfolio_stress_audit_summary_vault - ERROR - Storage target /tmp/tmpkv34kahv/4870372c37fb40509e5e27ee71d4faf7.json not found for export.
.2026-10-09 07:41:24,733 - market_portfolio_stress_audit_summary_vault - INFO - Exporting storage target: /tmp/tmp0v_r5n2a/9deb016358ca49ca86d133a04d940425.json in format: a86d3069a36a4b068b1e0f6b6cc8eb52
2026-10-09 07:41:24,734 - market_portfolio_stress_audit_summary_vault - INFO - Successfully exported data from /tmp/tmp0v_r5n2a/9deb016358ca49ca86d133a04d940425.json
.2026-10-09 07:41:24,734 - market_portfolio_stress_audit_summary_vault - INFO - Processing audit data for target: /tmp/tmpu_s7tk1n/ff1631694f4e478d8abc9b1c41f1e086.json
2026-10-09 07:41:24,734 - market_portfolio_stress_audit_summary_vault - ERROR - audit_data must be a dictionary.
.2026-10-09 07:41:24,735 - market_portfolio_stress_audit_summary_vault - INFO - Processing audit data for target: /tmp/tmpt9b72e0r/b5a07bbbeb2b4877abd053ea21e5c54e.json
2026-10-09 07:41:24,735 - market_portfolio_stress_audit_summary_vault - INFO - Successfully processed and stored audit with ID: c2d633b2c0a043479807f686e5c5bc91
.2026-10-09 07:41:24,737 - market_portfolio_stress_audit_summary_vault - INFO - Starting new stress audit summary vault process.
2026-10-09 07:41:24,737 - market_portfolio_stress_audit_summary_vault - ERROR - db_storage is required and cannot be None.
.2026-10-09 07:41:24,738 - market_portfolio_stress_audit_summary_vault - INFO - Starting new stress audit summary vault process.
2026-10-09 07:41:24,739 - market_portfolio_stress_audit_summary_vault - INFO - Extracting data using dependency: db_storage
2026-10-09 07:41:24,740 - market_portfolio_stress_audit_summary_vault - INFO - Extracting data using dependency: market_portfolio_stress_reporter
2026-10-09 07:41:24,741 - market_portfolio_stress_audit_summary_vault - INFO - Generating payload using market_portfolio_stress_reporter.
2026-10-09 07:41:24,741 - market_portfolio_stress_audit_summary_vault - ERROR - Generated payload must be a dictionary.
.2026-10-09 07:41:24,742 - market_portfolio_stress_audit_summary_vault - INFO - Starting new stress audit summary vault process.
2026-10-09 07:41:24,743 - market_portfolio_stress_audit_summary_vault - INFO - Extracting data using dependency: db_storage
2026-10-09 07:41:24,744 - market_portfolio_stress_audit_summary_vault - INFO - Extracting data using dependency: market_portfolio_stress_reporter
2026-10-09 07:41:24,744 - market_portfolio_stress_audit_summary_vault - INFO - Generating payload using market_portfolio_stress_reporter.
2026-10-09 07:41:24,745 - market_portfolio_stress_audit_summary_vault - WARNING - Payload generated as None, defaulting to status 'ok'.
2026-10-09 07:41:24,745 - market_portfolio_stress_audit_summary_vault - INFO - Saving payload via db_storage.
2026-10-09 07:41:24,746 - market_portfolio_stress_audit_summary_vault - INFO - Payload successfully saved.
.2026-10-09 07:41:24,750 - market_portfolio_stress_audit_summary_vault - INFO - Starting new stress audit summary vault process.
2026-10-09 07:41:24,751 - market_portfolio_stress_audit_summary_vault - INFO - Extracting data using dependency: db_storage
2026-10-09 07:41:24,752 - market_portfolio_stress_audit_summary_vault - INFO - Extracting data using dependency: 2dfe29620f9943b5ab95b88e1bc82191
2026-10-09 07:41:24,752 - market_portfolio_stress_audit_summary_vault - INFO - Extracting data using dependency: market_parser
2026-10-09 07:41:24,753 - market_portfolio_stress_audit_summary_vault - INFO - Extracting data using dependency: market_portfolio_stress_reporter
2026-10-09 07:41:24,754 - market_portfolio_stress_audit_summary_vault - INFO - Parsing stream using market_parser.
2026-10-09 07:41:24,755 - market_portfolio_stress_audit_summary_vault - INFO - Generating payload using market_portfolio_stress_reporter.
2026-10-09 07:41:24,756 - market_portfolio_stress_audit_summary_vault - INFO - Saving payload via db_storage.
2026-10-09 07:41:24,756 - market_portfolio_stress_audit_summary_vault - INFO - Payload successfully saved.
.2026-10-09 07:41:24,756 - market_portfolio_stress_audit_summary_vault - INFO - Validating storage target: /tmp/tmp4eh1tfxs/046b11f7c95e4ed8b168eaa4721f7152.json for audit_id: 9e0cf106836041928726853eed659f10
2026-10-09 07:41:24,757 - market_portfolio_stress_audit_summary_vault - WARNING - Failed to parse JSON from validation target: /tmp/tmp4eh1tfxs/046b11f7c95e4ed8b168eaa4721f7152.json
.2026-10-09 07:41:24,757 - market_portfolio_stress_audit_summary_vault - INFO - Validating storage target: /tmp/tmpe9hcm2e_/ef46eb81240145128d74fde4896f025e.json for audit_id: 2d668ac4172a4a598b4b8fb0bec9cbcb
2026-10-09 07:41:24,757 - market_portfolio_stress_audit_summary_vault - WARNING - Storage target not found during validation: /tmp/tmpe9hcm2e_/ef46eb81240145128d74fde4896f025e.json
.2026-10-09 07:41:24,758 - market_portfolio_stress_audit_summary_vault - INFO - Validating storage target: /tmp/tmp98car3yv/cc01a6f5e4d345499a649fed27e38d9d.json for audit_id: 1b26c54fba1742498e7de85b8ef12f07
2026-10-09 07:41:24,759 - market_portfolio_stress_audit_summary_vault - INFO - Validation result for target /tmp/tmp98car3yv/cc01a6f5e4d345499a649fed27e38d9d.json: True
.2026-10-09 07:41:24,759 - market_portfolio_stress_audit_summary_vault - INFO - Validating storage target: /tmp/tmpa09jh8mm/50afe00e615a4e10acc57e5692a0cbf4.json for audit_id: 143d9d8e9a974001b6742f0805f34d06
2026-10-09 07:41:24,760 - market_portfolio_stress_audit_summary_vault - INFO - Validation result for target /tmp/tmpa09jh8mm/50afe00e615a4e10acc57e5692a0cbf4.json: False
.2026-10-09 07:41:24,760 - market_portfolio_stress_audit_summary_vault - INFO - Starting new stress audit summary vault process.
2026-10-09 07:41:24,761 - market_portfolio_stress_audit_summary_vault - INFO - Extracting data using dependency: extractor_tool_1790087207
2026-10-09 07:41:24,761 - market_portfolio_stress_audit_summary_vault - INFO - Parsing stream using market_parser.
2026-10-09 07:41:24,761 - market_portfolio_stress_audit_summary_vault - INFO - Generating payload using market_portfolio_stress_reporter.
2026-10-09 07:41:24,761 - market_portfolio_stress_audit_summary_vault - INFO - Saving payload via db_storage.
2026-10-09 07:41:24,761 - market_portfolio_stress_audit_summary_vault - INFO - Payload successfully saved.
2026-10-09 07:41:24,761 - market_portfolio_stress_audit_summary_vault - INFO - Validating storage target: /tmp/tmpbs81m4nt/audit_377e43d4-0905-4475-b6f1-198cc4cad042.json for audit_id: 381bf919-b7e6-4b47-ae7d-97dbb736ed68
2026-10-09 07:41:24,761 - market_portfolio_stress_audit_summary_vault - INFO - Validation result for target /tmp/tmpbs81m4nt/audit_377e43d4-0905-4475-b6f1-198cc4cad042.json: True
2026-10-09 07:41:24,761 - market_portfolio_stress_audit_summary_vault - INFO - Exporting storage target: /tmp/tmpbs81m4nt/audit_377e43d4-0905-4475-b6f1-198cc4cad042.json in format: json
2026-10-09 07:41:24,762 - market_portfolio_stress_audit_summary_vault - INFO - Successfully exported data from /tmp/tmpbs81m4nt/audit_377e43d4-0905-4475-b6f1-198cc4cad042.json
2026-10-09 07:41:24,762 - market_portfolio_stress_audit_summary_vault - INFO - Processing audit data for target: /tmp/tmpbs81m4nt/proc_64d1b695-7bfd-403c-a2ae-3611aeab6ec5.json
2026-10-09 07:41:24,762 - market_portfolio_stress_audit_summary_vault - INFO - Successfully processed and stored audit with ID: 381bf919-b7e6-4b47-ae7d-97dbb736ed68
2026-10-09 07:41:24,762 - market_portfolio_stress_audit_summary_vault - INFO - Validating storage target: /tmp/tmpbs81m4nt/proc_64d1b695-7bfd-403c-a2ae-3611aeab6ec5.json for audit_id: 381bf919-b7e6-4b47-ae7d-97dbb736ed68
2026-10-09 07:41:24,762 - market_portfolio_stress_audit_summary_vault - INFO - Validation result for target /tmp/tmpbs81m4nt/proc_64d1b695-7bfd-403c-a2ae-3611aeab6ec5.json: True
.2026-10-09 07:41:24,763 - market_portfolio_stress_audit_summary_vault - INFO - Validating storage target: /tmp/tmpzmzyk4su/audit_07ee96ac-9063-4437-97af-97d47f5b5631.json for audit_id: f36e7e41-7223-48dd-a017-99f51a0ae2a0
2026-10-09 07:41:24,764 - market_portfolio_stress_audit_summary_vault - WARNING - Failed to parse JSON from validation target: /tmp/tmpzmzyk4su/audit_07ee96ac-9063-4437-97af-97d47f5b5631.json
.EEEEEE....EEEEEEEEEE.........EEEEEE.........EEEE........EEEEEEFssEEEEE
======================================================================
ERROR: test_db_storage (unittest.loader._FailedTest.test_db_storage)
----------------------------------------------------------------------
ImportError: Failed to import test module: test_db_storage
Traceback (most recent call last):
  File "/home/jules/.pyenv/versions/3.12.13/lib/python3.12/unittest/loader.py", line 396, in _find_test_path
    module = self._get_module_from_name(name)
             ^^^^^^^^^^^^^^^^^^^^^^^^^^^^^^^^
  File "/home/jules/.pyenv/versions/3.12.13/lib/python3.12/unittest/loader.py", line 339, in _get_module_from_name
    __import__(name)
  File "/app/tests/test_db_storage.py", line 8, in <module>
    from skills.db_storage import MarketParser
  File "/app/skills/db_storage.py", line 2, in <module>
    import requests
ModuleNotFoundError: No module named 'requests'


======================================================================
ERROR: test_db_storage_integration (unittest.loader._FailedTest.test_db_storage_integration)
----------------------------------------------------------------------
ImportError: Failed to import test module: test_db_storage_integration
Traceback (most recent call last):
  File "/home/jules/.pyenv/versions/3.12.13/lib/python3.12/unittest/loader.py", line 396, in _find_test_path
    module = self._get_module_from_name(name)
             ^^^^^^^^^^^^^^^^^^^^^^^^^^^^^^^^
  File "/home/jules/.pyenv/versions/3.12.13/lib/python3.12/unittest/loader.py", line 339, in _get_module_from_name
    __import__(name)
  File "/app/tests/test_db_storage_integration.py", line 5, in <module>
    from skills.db_storage import MarketParser
  File "/app/skills/db_storage.py", line 2, in <module>
    import requests
ModuleNotFoundError: No module named 'requests'


======================================================================
ERROR: test_market_anomaly_detector (unittest.loader._FailedTest.test_market_anomaly_detector)
----------------------------------------------------------------------
ImportError: Failed to import test module: test_market_anomaly_detector
Traceback (most recent call last):
  File "/home/jules/.pyenv/versions/3.12.13/lib/python3.12/unittest/loader.py", line 396, in _find_test_path
    module = self._get_module_from_name(name)
             ^^^^^^^^^^^^^^^^^^^^^^^^^^^^^^^^
  File "/home/jules/.pyenv/versions/3.12.13/lib/python3.12/unittest/loader.py", line 339, in _get_module_from_name
    __import__(name)
  File "/app/tests/test_market_anomaly_detector.py", line 6, in <module>
    requests = __import__('requests')
               ^^^^^^^^^^^^^^^^^^^^^^
ModuleNotFoundError: No module named 'requests'


======================================================================
ERROR: test_market_anomaly_detector_integration (unittest.loader._FailedTest.test_market_anomaly_detector_integration)
----------------------------------------------------------------------
ImportError: Failed to import test module: test_market_anomaly_detector_integration
Traceback (most recent call last):
  File "/home/jules/.pyenv/versions/3.12.13/lib/python3.12/unittest/loader.py", line 396, in _find_test_path
    module = self._get_module_from_name(name)
             ^^^^^^^^^^^^^^^^^^^^^^^^^^^^^^^^
  File "/home/jules/.pyenv/versions/3.12.13/lib/python3.12/unittest/loader.py", line 339, in _get_module_from_name
    __import__(name)
  File "/app/tests/test_market_anomaly_detector_integration.py", line 4, in <module>
    from skills import market_anomaly_detector
  File "/app/skills/market_anomaly_detector.py", line 1, in <module>
    import requests
ModuleNotFoundError: No module named 'requests'


======================================================================
ERROR: test_market_insider_alert_pipeline (unittest.loader._FailedTest.test_market_insider_alert_pipeline)
----------------------------------------------------------------------
ImportError: Failed to import test module: test_market_insider_alert_pipeline
Traceback (most recent call last):
  File "/home/jules/.pyenv/versions/3.12.13/lib/python3.12/unittest/loader.py", line 396, in _find_test_path
    module = self._get_module_from_name(name)
             ^^^^^^^^^^^^^^^^^^^^^^^^^^^^^^^^
  File "/home/jules/.pyenv/versions/3.12.13/lib/python3.12/unittest/loader.py", line 339, in _get_module_from_name
    __import__(name)
  File "/app/tests/test_market_insider_alert_pipeline.py", line 8, in <module>
    from skills.market_insider_alert_pipeline import (
  File "/app/skills/market_insider_alert_pipeline.py", line 2, in <module>
    from skills.market_anomaly_detector import MarketAnomalyDetector
  File "/app/skills/market_anomaly_detector.py", line 1, in <module>
    import requests
ModuleNotFoundError: No module named 'requests'


======================================================================
ERROR: test_market_insider_alert_pipeline_integration (unittest.loader._FailedTest.test_market_insider_alert_pipeline_integration)
----------------------------------------------------------------------
ImportError: Failed to import test module: test_market_insider_alert_pipeline_integration
Traceback (most recent call last):
  File "/home/jules/.pyenv/versions/3.12.13/lib/python3.12/unittest/loader.py", line 396, in _find_test_path
    module = self._get_module_from_name(name)
             ^^^^^^^^^^^^^^^^^^^^^^^^^^^^^^^^
  File "/home/jules/.pyenv/versions/3.12.13/lib/python3.12/unittest/loader.py", line 339, in _get_module_from_name
    __import__(name)
  File "/app/tests/test_market_insider_alert_pipeline_integration.py", line 5, in <module>
    from skills.market_insider_alert_pipeline import MarketInsiderAlertPipeline, market_insider_alert_pipeline
  File "/app/skills/market_insider_alert_pipeline.py", line 2, in <module>
    from skills.market_anomaly_detector import MarketAnomalyDetector
  File "/app/skills/market_anomaly_detector.py", line 1, in <module>
    import requests
ModuleNotFoundError: No module named 'requests'


======================================================================
ERROR: test_market_insider_anomaly_analyzer (unittest.loader._FailedTest.test_market_insider_anomaly_analyzer)
----------------------------------------------------------------------
ImportError: Failed to import test module: test_market_insider_anomaly_analyzer
Traceback (most recent call last):
  File "/home/jules/.pyenv/versions/3.12.13/lib/python3.12/unittest/loader.py", line 396, in _find_test_path
    module = self._get_module_from_name(name)
             ^^^^^^^^^^^^^^^^^^^^^^^^^^^^^^^^
  File "/home/jules/.pyenv/versions/3.12.13/lib/python3.12/unittest/loader.py", line 339, in _get_module_from_name
    __import__(name)
  File "/app/tests/test_market_insider_anomaly_analyzer.py", line 10, in <module>
    from skills.market_insider_anomaly_analyzer import (
  File "/app/skills/market_insider_anomaly_analyzer.py", line 1, in <module>
    from skills.market_anomaly_detector import MarketAnomalyDetector
  File "/app/skills/market_anomaly_detector.py", line 1, in <module>
    import requests
ModuleNotFoundError: No module named 'requests'


======================================================================
ERROR: test_market_insider_anomaly_analyzer_integration (unittest.loader._FailedTest.test_market_insider_anomaly_analyzer_integration)
----------------------------------------------------------------------
ImportError: Failed to import test module: test_market_insider_anomaly_analyzer_integration
Traceback (most recent call last):
  File "/home/jules/.pyenv/versions/3.12.13/lib/python3.12/unittest/loader.py", line 396, in _find_test_path
    module = self._get_module_from_name(name)
             ^^^^^^^^^^^^^^^^^^^^^^^^^^^^^^^^
  File "/home/jules/.pyenv/versions/3.12.13/lib/python3.12/unittest/loader.py", line 339, in _get_module_from_name
    __import__(name)
  File "/app/tests/test_market_insider_anomaly_analyzer_integration.py", line 5, in <module>
    from skills.market_insider_anomaly_analyzer import MarketInsiderAnomalyAnalyzer, analyze_market_insider_anomalies
  File "/app/skills/market_insider_anomaly_analyzer.py", line 1, in <module>
    from skills.market_anomaly_detector import MarketAnomalyDetector
  File "/app/skills/market_anomaly_detector.py", line 1, in <module>
    import requests
ModuleNotFoundError: No module named 'requests'


======================================================================
ERROR: test_market_insider_anomaly_report_bridge (unittest.loader._FailedTest.test_market_insider_anomaly_report_bridge)
----------------------------------------------------------------------
ImportError: Failed to import test module: test_market_insider_anomaly_report_bridge
Traceback (most recent call last):
  File "/home/jules/.pyenv/versions/3.12.13/lib/python3.12/unittest/loader.py", line 396, in _find_test_path
    module = self._get_module_from_name(name)
             ^^^^^^^^^^^^^^^^^^^^^^^^^^^^^^^^
  File "/home/jules/.pyenv/versions/3.12.13/lib/python3.12/unittest/loader.py", line 339, in _get_module_from_name
    __import__(name)
  File "/app/tests/test_market_insider_anomaly_report_bridge.py", line 8, in <module>
    from skills.market_insider_anomaly_report_bridge import (
  File "/app/skills/market_insider_anomaly_report_bridge.py", line 1, in <module>
    from skills.market_insider_anomaly_analyzer import MarketInsiderAnomalyAnalyzer, market_insider_anomaly_analyzer
  File "/app/skills/market_insider_anomaly_analyzer.py", line 1, in <module>
    from skills.market_anomaly_detector import MarketAnomalyDetector
  File "/app/skills/market_anomaly_detector.py", line 1, in <module>
    import requests
ModuleNotFoundError: No module named 'requests'


======================================================================
ERROR: test_market_insider_anomaly_report_bridge_integration (unittest.loader._FailedTest.test_market_insider_anomaly_report_bridge_integration)
----------------------------------------------------------------------
ImportError: Failed to import test module: test_market_insider_anomaly_report_bridge_integration
Traceback (most recent call last):
  File "/home/jules/.pyenv/versions/3.12.13/lib/python3.12/unittest/loader.py", line 396, in _find_test_path
    module = self._get_module_from_name(name)
             ^^^^^^^^^^^^^^^^^^^^^^^^^^^^^^^^
  File "/home/jules/.pyenv/versions/3.12.13/lib/python3.12/unittest/loader.py", line 339, in _get_module_from_name
    __import__(name)
  File "/app/tests/test_market_insider_anomaly_report_bridge_integration.py", line 7, in <module>
    from skills.market_insider_anomaly_report_bridge import market_insider_anomaly_report_bridge
  File "/app/skills/market_insider_anomaly_report_bridge.py", line 1, in <module>
    from skills.market_insider_anomaly_analyzer import MarketInsiderAnomalyAnalyzer, market_insider_anomaly_analyzer
  File "/app/skills/market_insider_anomaly_analyzer.py", line 1, in <module>
    from skills.market_anomaly_detector import MarketAnomalyDetector
  File "/app/skills/market_anomaly_detector.py", line 1, in <module>
    import requests
ModuleNotFoundError: No module named 'requests'


======================================================================
ERROR: test_market_news_sentiment_analyzer (unittest.loader._FailedTest.test_market_news_sentiment_analyzer)
----------------------------------------------------------------------
ImportError: Failed to import test module: test_market_news_sentiment_analyzer
Traceback (most recent call last):
  File "/home/jules/.pyenv/versions/3.12.13/lib/python3.12/unittest/loader.py", line 396, in _find_test_path
    module = self._get_module_from_name(name)
             ^^^^^^^^^^^^^^^^^^^^^^^^^^^^^^^^
  File "/home/jules/.pyenv/versions/3.12.13/lib/python3.12/unittest/loader.py", line 339, in _get_module_from_name
    __import__(name)
  File "/app/tests/test_market_news_sentiment_analyzer.py", line 6, in <module>
    from skills.market_news_sentiment_analyzer import (
  File "/app/skills/market_news_sentiment_analyzer.py", line 4, in <module>
    from skills import db_storage
  File "/app/skills/db_storage.py", line 2, in <module>
    import requests
ModuleNotFoundError: No module named 'requests'


======================================================================
ERROR: test_market_news_sentiment_analyzer_integration (unittest.loader._FailedTest.test_market_news_sentiment_analyzer_integration)
----------------------------------------------------------------------
ImportError: Failed to import test module: test_market_news_sentiment_analyzer_integration
Traceback (most recent call last):
  File "/home/jules/.pyenv/versions/3.12.13/lib/python3.12/unittest/loader.py", line 396, in _find_test_path
    module = self._get_module_from_name(name)
             ^^^^^^^^^^^^^^^^^^^^^^^^^^^^^^^^
  File "/home/jules/.pyenv/versions/3.12.13/lib/python3.12/unittest/loader.py", line 339, in _get_module_from_name
    __import__(name)
  File "/app/tests/test_market_news_sentiment_analyzer_integration.py", line 5, in <module>
    from skills.market_news_sentiment_analyzer import (
  File "/app/skills/market_news_sentiment_analyzer.py", line 4, in <module>
    from skills import db_storage
  File "/app/skills/db_storage.py", line 2, in <module>
    import requests
ModuleNotFoundError: No module named 'requests'


======================================================================
ERROR: test_market_parser (unittest.loader._FailedTest.test_market_parser)
----------------------------------------------------------------------
ImportError: Failed to import test module: test_market_parser
Traceback (most recent call last):
  File "/home/jules/.pyenv/versions/3.12.13/lib/python3.12/unittest/loader.py", line 396, in _find_test_path
    module = self._get_module_from_name(name)
             ^^^^^^^^^^^^^^^^^^^^^^^^^^^^^^^^
  File "/home/jules/.pyenv/versions/3.12.13/lib/python3.12/unittest/loader.py", line 339, in _get_module_from_name
    __import__(name)
  File "/app/tests/test_market_parser.py", line 8, in <module>
    import requests
ModuleNotFoundError: No module named 'requests'


======================================================================
ERROR: test_market_parser_integration (unittest.loader._FailedTest.test_market_parser_integration)
----------------------------------------------------------------------
ImportError: Failed to import test module: test_market_parser_integration
Traceback (most recent call last):
  File "/home/jules/.pyenv/versions/3.12.13/lib/python3.12/unittest/loader.py", line 396, in _find_test_path
    module = self._get_module_from_name(name)
             ^^^^^^^^^^^^^^^^^^^^^^^^^^^^^^^^
  File "/home/jules/.pyenv/versions/3.12.13/lib/python3.12/unittest/loader.py", line 339, in _get_module_from_name
    __import__(name)
  File "/app/tests/test_market_parser_integration.py", line 6, in <module>
    from skills.market_parser import MarketParser
  File "/app/skills/market_parser.py", line 4, in <module>
    import requests
ModuleNotFoundError: No module named 'requests'


======================================================================
ERROR: test_market_portfolio_alert_dispatcher (unittest.loader._FailedTest.test_market_portfolio_alert_dispatcher)
----------------------------------------------------------------------
ImportError: Failed to import test module: test_market_portfolio_alert_dispatcher
Traceback (most recent call last):
  File "/home/jules/.pyenv/versions/3.12.13/lib/python3.12/unittest/loader.py", line 396, in _find_test_path
    module = self._get_module_from_name(name)
             ^^^^^^^^^^^^^^^^^^^^^^^^^^^^^^^^
  File "/home/jules/.pyenv/versions/3.12.13/lib/python3.12/unittest/loader.py", line 339, in _get_module_from_name
    __import__(name)
  File "/app/tests/test_market_portfolio_alert_dispatcher.py", line 9, in <module>
    from skills import market_portfolio_alert_dispatcher
  File "/app/skills/market_portfolio_alert_dispatcher.py", line 5, in <module>
    from skills import market_portfolio_valuation
  File "/app/skills/market_portfolio_valuation.py", line 1, in <module>
    import skills.db_storage as db_storage
  File "/app/skills/db_storage.py", line 2, in <module>
    import requests
ModuleNotFoundError: No module named 'requests'


======================================================================
ERROR: test_market_portfolio_alert_dispatcher_integration (unittest.loader._FailedTest.test_market_portfolio_alert_dispatcher_integration)
----------------------------------------------------------------------
ImportError: Failed to import test module: test_market_portfolio_alert_dispatcher_integration
Traceback (most recent call last):
  File "/home/jules/.pyenv/versions/3.12.13/lib/python3.12/unittest/loader.py", line 396, in _find_test_path
    module = self._get_module_from_name(name)
             ^^^^^^^^^^^^^^^^^^^^^^^^^^^^^^^^
  File "/home/jules/.pyenv/versions/3.12.13/lib/python3.12/unittest/loader.py", line 339, in _get_module_from_name
    __import__(name)
  File "/app/tests/test_market_portfolio_alert_dispatcher_integration.py", line 5, in <module>
    from skills import market_portfolio_alert_dispatcher
  File "/app/skills/market_portfolio_alert_dispatcher.py", line 5, in <module>
    from skills import market_portfolio_valuation
  File "/app/skills/market_portfolio_valuation.py", line 1, in <module>
    import skills.db_storage as db_storage
  File "/app/skills/db_storage.py", line 2, in <module>
    import requests
ModuleNotFoundError: No module named 'requests'


======================================================================
ERROR: test_market_portfolio_api_gateway (unittest.loader._FailedTest.test_market_portfolio_api_gateway)
----------------------------------------------------------------------
ImportError: Failed to import test module: test_market_portfolio_api_gateway
Traceback (most recent call last):
  File "/home/jules/.pyenv/versions/3.12.13/lib/python3.12/unittest/loader.py", line 396, in _find_test_path
    module = self._get_module_from_name(name)
             ^^^^^^^^^^^^^^^^^^^^^^^^^^^^^^^^
  File "/home/jules/.pyenv/versions/3.12.13/lib/python3.12/unittest/loader.py", line 339, in _get_module_from_name
    __import__(name)
  File "/app/tests/test_market_portfolio_api_gateway.py", line 7, in <module>
    from skills.market_portfolio_api_gateway import start_new, MarketPortfolioAPIGateway, run_pipeline
  File "/app/skills/market_portfolio_api_gateway.py", line 3, in <module>
    from skills.db_storage import MarketParser
  File "/app/skills/db_storage.py", line 2, in <module>
    import requests
ModuleNotFoundError: No module named 'requests'


======================================================================
ERROR: test_market_portfolio_api_gateway_integration (unittest.loader._FailedTest.test_market_portfolio_api_gateway_integration)
----------------------------------------------------------------------
ImportError: Failed to import test module: test_market_portfolio_api_gateway_integration
Traceback (most recent call last):
  File "/home/jules/.pyenv/versions/3.12.13/lib/python3.12/unittest/loader.py", line 396, in _find_test_path
    module = self._get_module_from_name(name)
             ^^^^^^^^^^^^^^^^^^^^^^^^^^^^^^^^
  File "/home/jules/.pyenv/versions/3.12.13/lib/python3.12/unittest/loader.py", line 339, in _get_module_from_name
    __import__(name)
  File "/app/tests/test_market_portfolio_api_gateway_integration.py", line 6, in <module>
    from skills.market_portfolio_api_gateway import MarketPortfolioAPIGateway, start_new, run_pipeline
  File "/app/skills/market_portfolio_api_gateway.py", line 3, in <module>
    from skills.db_storage import MarketParser
  File "/app/skills/db_storage.py", line 2, in <module>
    import requests
ModuleNotFoundError: No module named 'requests'


======================================================================
ERROR: test_market_portfolio_audit_compliance_hub (unittest.loader._FailedTest.test_market_portfolio_audit_compliance_hub)
----------------------------------------------------------------------
ImportError: Failed to import test module: test_market_portfolio_audit_compliance_hub
Traceback (most recent call last):
  File "/home/jules/.pyenv/versions/3.12.13/lib/python3.12/unittest/loader.py", line 396, in _find_test_path
    module = self._get_module_from_name(name)
             ^^^^^^^^^^^^^^^^^^^^^^^^^^^^^^^^
  File "/home/jules/.pyenv/versions/3.12.13/lib/python3.12/unittest/loader.py", line 339, in _get_module_from_name
    __import__(name)
  File "/app/tests/test_market_portfolio_audit_compliance_hub.py", line 7, in <module>
    from skills.market_portfolio_audit_compliance_hub import MarketPortfolioAuditComplianceHub
  File "/app/skills/market_portfolio_audit_compliance_hub.py", line 4, in <module>
    from skills.db_storage import MarketParser
  File "/app/skills/db_storage.py", line 2, in <module>
    import requests
ModuleNotFoundError: No module named 'requests'


======================================================================
ERROR: test_market_portfolio_audit_compliance_hub_integration (unittest.loader._FailedTest.test_market_portfolio_audit_compliance_hub_integration)
----------------------------------------------------------------------
ImportError: Failed to import test module: test_market_portfolio_audit_compliance_hub_integration
Traceback (most recent call last):
  File "/home/jules/.pyenv/versions/3.12.13/lib/python3.12/unittest/loader.py", line 396, in _find_test_path
    module = self._get_module_from_name(name)
             ^^^^^^^^^^^^^^^^^^^^^^^^^^^^^^^^
  File "/home/jules/.pyenv/versions/3.12.13/lib/python3.12/unittest/loader.py", line 339, in _get_module_from_name
    __import__(name)
  File "/app/tests/test_market_portfolio_audit_compliance_hub_integration.py", line 5, in <module>
    from skills.market_portfolio_audit_compliance_hub import MarketPortfolioAuditComplianceHub
  File "/app/skills/market_portfolio_audit_compliance_hub.py", line 4, in <module>
    from skills.db_storage import MarketParser
  File "/app/skills/db_storage.py", line 2, in <module>
    import requests
ModuleNotFoundError: No module named 'requests'


======================================================================
ERROR: test_market_portfolio_audit_log_exporter (unittest.loader._FailedTest.test_market_portfolio_audit_log_exporter)
----------------------------------------------------------------------
ImportError: Failed to import test module: test_market_portfolio_audit_log_exporter
Traceback (most recent call last):
  File "/home/jules/.pyenv/versions/3.12.13/lib/python3.12/unittest/loader.py", line 396, in _find_test_path
    module = self._get_module_from_name(name)
             ^^^^^^^^^^^^^^^^^^^^^^^^^^^^^^^^
  File "/home/jules/.pyenv/versions/3.12.13/lib/python3.12/unittest/loader.py", line 339, in _get_module_from_name
    __import__(name)
  File "/app/tests/test_market_portfolio_audit_log_exporter.py", line 9, in <module>
    from skills.market_portfolio_audit_log_exporter import PortfolioAuditLogExporter, MarketPortfolioAuditLogExporter
  File "/app/skills/market_portfolio_audit_log_exporter.py", line 4, in <module>
    from skills.market_parser import MarketParser
  File "/app/skills/market_parser.py", line 4, in <module>
    import requests
ModuleNotFoundError: No module named 'requests'


======================================================================
ERROR: test_market_portfolio_audit_log_exporter_integration (unittest.loader._FailedTest.test_market_portfolio_audit_log_exporter_integration)
----------------------------------------------------------------------
ImportError: Failed to import test module: test_market_portfolio_audit_log_exporter_integration
Traceback (most recent call last):
  File "/home/jules/.pyenv/versions/3.12.13/lib/python3.12/unittest/loader.py", line 396, in _find_test_path
    module = self._get_module_from_name(name)
             ^^^^^^^^^^^^^^^^^^^^^^^^^^^^^^^^
  File "/home/jules/.pyenv/versions/3.12.13/lib/python3.12/unittest/loader.py", line 339, in _get_module_from_name
    __import__(name)
  File "/app/tests/test_market_portfolio_audit_log_exporter_integration.py", line 7, in <module>
    from skills.market_parser import MarketParser
  File "/app/skills/market_parser.py", line 4, in <module>
    import requests
ModuleNotFoundError: No module named 'requests'


======================================================================
ERROR: test_market_portfolio_backtest_evaluator_bridge (unittest.loader._FailedTest.test_market_portfolio_backtest_evaluator_bridge)
----------------------------------------------------------------------
ImportError: Failed to import test module: test_market_portfolio_backtest_evaluator_bridge
Traceback (most recent call last):
  File "/home/jules/.pyenv/versions/3.12.13/lib/python3.12/unittest/loader.py", line 396, in _find_test_path
    module = self._get_module_from_name(name)
             ^^^^^^^^^^^^^^^^^^^^^^^^^^^^^^^^
  File "/home/jules/.pyenv/versions/3.12.13/lib/python3.12/unittest/loader.py", line 339, in _get_module_from_name
    __import__(name)
  File "/app/tests/test_market_portfolio_backtest_evaluator_bridge.py", line 8, in <module>
    from skills.market_portfolio_backtest_evaluator_bridge import MarketPortfolioBacktestEvaluatorBridge
  File "/app/skills/market_portfolio_backtest_evaluator_bridge.py", line 1, in <module>
    from skills.market_portfolio_backtester import MarketPortfolioBacktester
  File "/app/skills/market_portfolio_backtester.py", line 3, in <module>
    from skills.db_storage import MarketParser
  File "/app/skills/db_storage.py", line 2, in <module>
    import requests
ModuleNotFoundError: No module named 'requests'


======================================================================
ERROR: test_market_portfolio_backtest_evaluator_bridge_integration (unittest.loader._FailedTest.test_market_portfolio_backtest_evaluator_bridge_integration)
----------------------------------------------------------------------
ImportError: Failed to import test module: test_market_portfolio_backtest_evaluator_bridge_integration
Traceback (most recent call last):
  File "/home/jules/.pyenv/versions/3.12.13/lib/python3.12/unittest/loader.py", line 396, in _find_test_path
    module = self._get_module_from_name(name)
             ^^^^^^^^^^^^^^^^^^^^^^^^^^^^^^^^
  File "/home/jules/.pyenv/versions/3.12.13/lib/python3.12/unittest/loader.py", line 339, in _get_module_from_name
    __import__(name)
  File "/app/tests/test_market_portfolio_backtest_evaluator_bridge_integration.py", line 6, in <module>
    from skills.market_portfolio_backtest_evaluator_bridge import MarketPortfolioBacktestEvaluatorBridge
  File "/app/skills/market_portfolio_backtest_evaluator_bridge.py", line 1, in <module>
    from skills.market_portfolio_backtester import MarketPortfolioBacktester
  File "/app/skills/market_portfolio_backtester.py", line 3, in <module>
    from skills.db_storage import MarketParser
  File "/app/skills/db_storage.py", line 2, in <module>
    import requests
ModuleNotFoundError: No module named 'requests'


======================================================================
ERROR: test_market_portfolio_backtester (unittest.loader._FailedTest.test_market_portfolio_backtester)
----------------------------------------------------------------------
ImportError: Failed to import test module: test_market_portfolio_backtester
Traceback (most recent call last):
  File "/home/jules/.pyenv/versions/3.12.13/lib/python3.12/unittest/loader.py", line 396, in _find_test_path
    module = self._get_module_from_name(name)
             ^^^^^^^^^^^^^^^^^^^^^^^^^^^^^^^^
  File "/home/jules/.pyenv/versions/3.12.13/lib/python3.12/unittest/loader.py", line 339, in _get_module_from_name
    __import__(name)
  File "/app/tests/test_market_portfolio_backtester.py", line 11, in <module>
    from skills.market_portfolio_backtester import MarketPortfolioBacktester
  File "/app/skills/market_portfolio_backtester.py", line 3, in <module>
    from skills.db_storage import MarketParser
  File "/app/skills/db_storage.py", line 2, in <module>
    import requests
ModuleNotFoundError: No module named 'requests'


======================================================================
ERROR: test_market_portfolio_backtester_integration (unittest.loader._FailedTest.test_market_portfolio_backtester_integration)
----------------------------------------------------------------------
ImportError: Failed to import test module: test_market_portfolio_backtester_integration
Traceback (most recent call last):
  File "/home/jules/.pyenv/versions/3.12.13/lib/python3.12/unittest/loader.py", line 396, in _find_test_path
    module = self._get_module_from_name(name)
             ^^^^^^^^^^^^^^^^^^^^^^^^^^^^^^^^
  File "/home/jules/.pyenv/versions/3.12.13/lib/python3.12/unittest/loader.py", line 339, in _get_module_from_name
    __import__(name)
  File "/app/tests/test_market_portfolio_backtester_integration.py", line 5, in <module>
    from skills.market_portfolio_backtester import MarketBacktester
  File "/app/skills/market_portfolio_backtester.py", line 3, in <module>
    from skills.db_storage import MarketParser
  File "/app/skills/db_storage.py", line 2, in <module>
    import requests
ModuleNotFoundError: No module named 'requests'


======================================================================
ERROR: test_market_portfolio_dividend_tracker (unittest.loader._FailedTest.test_market_portfolio_dividend_tracker)
----------------------------------------------------------------------
ImportError: Failed to import test module: test_market_portfolio_dividend_tracker
Traceback (most recent call last):
  File "/home/jules/.pyenv/versions/3.12.13/lib/python3.12/unittest/loader.py", line 396, in _find_test_path
    module = self._get_module_from_name(name)
             ^^^^^^^^^^^^^^^^^^^^^^^^^^^^^^^^
  File "/home/jules/.pyenv/versions/3.12.13/lib/python3.12/unittest/loader.py", line 339, in _get_module_from_name
    __import__(name)
  File "/app/tests/test_market_portfolio_dividend_tracker.py", line 6, in <module>
    from skills.market_portfolio_dividend_tracker import DividendTracker, DividendTrackerException, process_dividends
  File "/app/skills/market_portfolio_dividend_tracker.py", line 1, in <module>
    import requests
ModuleNotFoundError: No module named 'requests'


======================================================================
ERROR: test_market_portfolio_dividend_tracker_integration (unittest.loader._FailedTest.test_market_portfolio_dividend_tracker_integration)
----------------------------------------------------------------------
ImportError: Failed to import test module: test_market_portfolio_dividend_tracker_integration
Traceback (most recent call last):
  File "/home/jules/.pyenv/versions/3.12.13/lib/python3.12/unittest/loader.py", line 396, in _find_test_path
    module = self._get_module_from_name(name)
             ^^^^^^^^^^^^^^^^^^^^^^^^^^^^^^^^
  File "/home/jules/.pyenv/versions/3.12.13/lib/python3.12/unittest/loader.py", line 339, in _get_module_from_name
    __import__(name)
  File "/app/tests/test_market_portfolio_dividend_tracker_integration.py", line 4, in <module>
    from skills import market_portfolio_dividend_tracker
  File "/app/skills/market_portfolio_dividend_tracker.py", line 1, in <module>
    import requests
ModuleNotFoundError: No module named 'requests'


======================================================================
ERROR: test_market_portfolio_execution_cost_optimizer (unittest.loader._FailedTest.test_market_portfolio_execution_cost_optimizer)
----------------------------------------------------------------------
ImportError: Failed to import test module: test_market_portfolio_execution_cost_optimizer
Traceback (most recent call last):
  File "/home/jules/.pyenv/versions/3.12.13/lib/python3.12/unittest/loader.py", line 396, in _find_test_path
    module = self._get_module_from_name(name)
             ^^^^^^^^^^^^^^^^^^^^^^^^^^^^^^^^
  File "/home/jules/.pyenv/versions/3.12.13/lib/python3.12/unittest/loader.py", line 339, in _get_module_from_name
    __import__(name)
  File "/app/tests/test_market_portfolio_execution_cost_optimizer.py", line 7, in <module>
    from skills.market_portfolio_execution_cost_optimizer import (
  File "/app/skills/market_portfolio_execution_cost_optimizer.py", line 7, in <module>
    import skills.market_portfolio_slippage_model as market_portfolio_slippage_model
  File "/app/skills/market_portfolio_slippage_model.py", line 1, in <module>
    import requests
ModuleNotFoundError: No module named 'requests'


======================================================================
ERROR: test_market_portfolio_execution_cost_optimizer_integration (unittest.loader._FailedTest.test_market_portfolio_execution_cost_optimizer_integration)
----------------------------------------------------------------------
ImportError: Failed to import test module: test_market_portfolio_execution_cost_optimizer_integration
Traceback (most recent call last):
  File "/home/jules/.pyenv/versions/3.12.13/lib/python3.12/unittest/loader.py", line 396, in _find_test_path
    module = self._get_module_from_name(name)
             ^^^^^^^^^^^^^^^^^^^^^^^^^^^^^^^^
  File "/home/jules/.pyenv/versions/3.12.13/lib/python3.12/unittest/loader.py", line 339, in _get_module_from_name
    __import__(name)
  File "/app/tests/test_market_portfolio_execution_cost_optimizer_integration.py", line 6, in <module>
    from skills.market_portfolio_execution_cost_optimizer import (
  File "/app/skills/market_portfolio_execution_cost_optimizer.py", line 7, in <module>
    import skills.market_portfolio_slippage_model as market_portfolio_slippage_model
  File "/app/skills/market_portfolio_slippage_model.py", line 1, in <module>
    import requests
ModuleNotFoundError: No module named 'requests'


======================================================================
ERROR: test_market_portfolio_execution_pipeline (unittest.loader._FailedTest.test_market_portfolio_execution_pipeline)
----------------------------------------------------------------------
ImportError: Failed to import test module: test_market_portfolio_execution_pipeline
Traceback (most recent call last):
  File "/home/jules/.pyenv/versions/3.12.13/lib/python3.12/unittest/loader.py", line 396, in _find_test_path
    module = self._get_module_from_name(name)
             ^^^^^^^^^^^^^^^^^^^^^^^^^^^^^^^^
  File "/home/jules/.pyenv/versions/3.12.13/lib/python3.12/unittest/loader.py", line 339, in _get_module_from_name
    __import__(name)
  File "/app/tests/test_market_portfolio_execution_pipeline.py", line 10, in <module>
    from skills.market_portfolio_execution_pipeline import (
  File "/app/skills/market_portfolio_execution_pipeline.py", line 1, in <module>
    from skills.market_portfolio_scenario_simulator import PortfolioScenarioSimulator
  File "/app/skills/market_portfolio_scenario_simulator.py", line 5, in <module>
    from skills.market_parser import MarketParser
  File "/app/skills/market_parser.py", line 4, in <module>
    import requests
ModuleNotFoundError: No module named 'requests'


======================================================================
ERROR: test_market_portfolio_execution_pipeline_integration (unittest.loader._FailedTest.test_market_portfolio_execution_pipeline_integration)
----------------------------------------------------------------------
ImportError: Failed to import test module: test_market_portfolio_execution_pipeline_integration
Traceback (most recent call last):
  File "/home/jules/.pyenv/versions/3.12.13/lib/python3.12/unittest/loader.py", line 396, in _find_test_path
    module = self._get_module_from_name(name)
             ^^^^^^^^^^^^^^^^^^^^^^^^^^^^^^^^
  File "/home/jules/.pyenv/versions/3.12.13/lib/python3.12/unittest/loader.py", line 339, in _get_module_from_name
    __import__(name)
  File "/app/tests/test_market_portfolio_execution_pipeline_integration.py", line 8, in <module>
    from skills.market_portfolio_execution_pipeline import (
  File "/app/skills/market_portfolio_execution_pipeline.py", line 1, in <module>
    from skills.market_portfolio_scenario_simulator import PortfolioScenarioSimulator
  File "/app/skills/market_portfolio_scenario_simulator.py", line 5, in <module>
    from skills.market_parser import MarketParser
  File "/app/skills/market_parser.py", line 4, in <module>
    import requests
ModuleNotFoundError: No module named 'requests'


======================================================================
ERROR: test_market_portfolio_execution_slippage_predictor (unittest.loader._FailedTest.test_market_portfolio_execution_slippage_predictor)
----------------------------------------------------------------------
ImportError: Failed to import test module: test_market_portfolio_execution_slippage_predictor
Traceback (most recent call last):
  File "/home/jules/.pyenv/versions/3.12.13/lib/python3.12/unittest/loader.py", line 396, in _find_test_path
    module = self._get_module_from_name(name)
             ^^^^^^^^^^^^^^^^^^^^^^^^^^^^^^^^
  File "/home/jules/.pyenv/versions/3.12.13/lib/python3.12/unittest/loader.py", line 339, in _get_module_from_name
    __import__(name)
  File "/app/tests/test_market_portfolio_execution_slippage_predictor.py", line 8, in <module>
    from skills.market_portfolio_execution_slippage_predictor import SlippagePredictor
  File "/app/skills/market_portfolio_execution_slippage_predictor.py", line 2, in <module>
    import requests
ModuleNotFoundError: No module named 'requests'


======================================================================
ERROR: test_market_portfolio_execution_slippage_predictor_integration (unittest.loader._FailedTest.test_market_portfolio_execution_slippage_predictor_integration)
----------------------------------------------------------------------
ImportError: Failed to import test module: test_market_portfolio_execution_slippage_predictor_integration
Traceback (most recent call last):
  File "/home/jules/.pyenv/versions/3.12.13/lib/python3.12/unittest/loader.py", line 396, in _find_test_path
    module = self._get_module_from_name(name)
             ^^^^^^^^^^^^^^^^^^^^^^^^^^^^^^^^
  File "/home/jules/.pyenv/versions/3.12.13/lib/python3.12/unittest/loader.py", line 339, in _get_module_from_name
    __import__(name)
  File "/app/tests/test_market_portfolio_execution_slippage_predictor_integration.py", line 5, in <module>
    from skills.market_portfolio_execution_slippage_predictor import MarketPortfolioExecutionSlippagePredictor
  File "/app/skills/market_portfolio_execution_slippage_predictor.py", line 2, in <module>
    import requests
ModuleNotFoundError: No module named 'requests'


======================================================================
ERROR: test_market_portfolio_performance_analytics (unittest.loader._FailedTest.test_market_portfolio_performance_analytics)
----------------------------------------------------------------------
ImportError: Failed to import test module: test_market_portfolio_performance_analytics
Traceback (most recent call last):
  File "/home/jules/.pyenv/versions/3.12.13/lib/python3.12/unittest/loader.py", line 396, in _find_test_path
    module = self._get_module_from_name(name)
             ^^^^^^^^^^^^^^^^^^^^^^^^^^^^^^^^
  File "/home/jules/.pyenv/versions/3.12.13/lib/python3.12/unittest/loader.py", line 339, in _get_module_from_name
    __import__(name)
  File "/app/tests/test_market_portfolio_performance_analytics.py", line 6, in <module>
    from skills.market_portfolio_performance_analytics import (
  File "/app/skills/market_portfolio_performance_analytics.py", line 2, in <module>
    from skills.market_parser import MarketParser
  File "/app/skills/market_parser.py", line 4, in <module>
    import requests
ModuleNotFoundError: No module named 'requests'


======================================================================
ERROR: test_market_portfolio_performance_analytics_integration (unittest.loader._FailedTest.test_market_portfolio_performance_analytics_integration)
----------------------------------------------------------------------
ImportError: Failed to import test module: test_market_portfolio_performance_analytics_integration
Traceback (most recent call last):
  File "/home/jules/.pyenv/versions/3.12.13/lib/python3.12/unittest/loader.py", line 396, in _find_test_path
    module = self._get_module_from_name(name)
             ^^^^^^^^^^^^^^^^^^^^^^^^^^^^^^^^
  File "/home/jules/.pyenv/versions/3.12.13/lib/python3.12/unittest/loader.py", line 339, in _get_module_from_name
    __import__(name)
  File "/app/tests/test_market_portfolio_performance_analytics_integration.py", line 6, in <module>
    from skills.market_portfolio_performance_analytics import PortfolioPerformanceAnalytics
  File "/app/skills/market_portfolio_performance_analytics.py", line 2, in <module>
    from skills.market_parser import MarketParser
  File "/app/skills/market_parser.py", line 4, in <module>
    import requests
ModuleNotFoundError: No module named 'requests'


======================================================================
ERROR: test_market_portfolio_scenario_simulator (unittest.loader._FailedTest.test_market_portfolio_scenario_simulator)
----------------------------------------------------------------------
ImportError: Failed to import test module: test_market_portfolio_scenario_simulator
Traceback (most recent call last):
  File "/home/jules/.pyenv/versions/3.12.13/lib/python3.12/unittest/loader.py", line 396, in _find_test_path
    module = self._get_module_from_name(name)
             ^^^^^^^^^^^^^^^^^^^^^^^^^^^^^^^^
  File "/home/jules/.pyenv/versions/3.12.13/lib/python3.12/unittest/loader.py", line 339, in _get_module_from_name
    __import__(name)
  File "/app/tests/test_market_portfolio_scenario_simulator.py", line 10, in <module>
    from skills.market_portfolio_scenario_simulator import (
  File "/app/skills/market_portfolio_scenario_simulator.py", line 5, in <module>
    from skills.market_parser import MarketParser
  File "/app/skills/market_parser.py", line 4, in <module>
    import requests
ModuleNotFoundError: No module named 'requests'


======================================================================
ERROR: test_market_portfolio_scenario_simulator_integration (unittest.loader._FailedTest.test_market_portfolio_scenario_simulator_integration)
----------------------------------------------------------------------
ImportError: Failed to import test module: test_market_portfolio_scenario_simulator_integration
Traceback (most recent call last):
  File "/home/jules/.pyenv/versions/3.12.13/lib/python3.12/unittest/loader.py", line 396, in _find_test_path
    module = self._get_module_from_name(name)
             ^^^^^^^^^^^^^^^^^^^^^^^^^^^^^^^^
  File "/home/jules/.pyenv/versions/3.12.13/lib/python3.12/unittest/loader.py", line 339, in _get_module_from_name
    __import__(name)
  File "/app/tests/test_market_portfolio_scenario_simulator_integration.py", line 7, in <module>
    from skills.market_portfolio_scenario_simulator import PortfolioScenarioSimulator, simulate_market_scenario, run_stress_test
  File "/app/skills/market_portfolio_scenario_simulator.py", line 5, in <module>
    from skills.market_parser import MarketParser
  File "/app/skills/market_parser.py", line 4, in <module>
    import requests
ModuleNotFoundError: No module named 'requests'


======================================================================
ERROR: test_market_portfolio_slippage_model (unittest.loader._FailedTest.test_market_portfolio_slippage_model)
----------------------------------------------------------------------
ImportError: Failed to import test module: test_market_portfolio_slippage_model
Traceback (most recent call last):
  File "/home/jules/.pyenv/versions/3.12.13/lib/python3.12/unittest/loader.py", line 396, in _find_test_path
    module = self._get_module_from_name(name)
             ^^^^^^^^^^^^^^^^^^^^^^^^^^^^^^^^
  File "/home/jules/.pyenv/versions/3.12.13/lib/python3.12/unittest/loader.py", line 339, in _get_module_from_name
    __import__(name)
  File "/app/tests/test_market_portfolio_slippage_model.py", line 7, in <module>
    from skills.market_portfolio_slippage_model import (
  File "/app/skills/market_portfolio_slippage_model.py", line 1, in <module>
    import requests
ModuleNotFoundError: No module named 'requests'


======================================================================
ERROR: test_market_portfolio_slippage_model_integration (unittest.loader._FailedTest.test_market_portfolio_slippage_model_integration)
----------------------------------------------------------------------
ImportError: Failed to import test module: test_market_portfolio_slippage_model_integration
Traceback (most recent call last):
  File "/home/jules/.pyenv/versions/3.12.13/lib/python3.12/unittest/loader.py", line 396, in _find_test_path
    module = self._get_module_from_name(name)
             ^^^^^^^^^^^^^^^^^^^^^^^^^^^^^^^^
  File "/home/jules/.pyenv/versions/3.12.13/lib/python3.12/unittest/loader.py", line 339, in _get_module_from_name
    __import__(name)
  File "/app/tests/test_market_portfolio_slippage_model_integration.py", line 4, in <module>
    from skills.market_portfolio_slippage_model import MarketPortfolioSlippageModel, OrderExecutionParameters, SlippageCalculationError
  File "/app/skills/market_portfolio_slippage_model.py", line 1, in <module>
    import requests
ModuleNotFoundError: No module named 'requests'


======================================================================
ERROR: test_market_portfolio_strategy_optimizer (unittest.loader._FailedTest.test_market_portfolio_strategy_optimizer)
----------------------------------------------------------------------
ImportError: Failed to import test module: test_market_portfolio_strategy_optimizer
Traceback (most recent call last):
  File "/home/jules/.pyenv/versions/3.12.13/lib/python3.12/unittest/loader.py", line 396, in _find_test_path
    module = self._get_module_from_name(name)
             ^^^^^^^^^^^^^^^^^^^^^^^^^^^^^^^^
  File "/home/jules/.pyenv/versions/3.12.13/lib/python3.12/unittest/loader.py", line 339, in _get_module_from_name
    __import__(name)
  File "/app/tests/test_market_portfolio_strategy_optimizer.py", line 7, in <module>
    from skills.market_portfolio_strategy_optimizer import PortfolioStrategyOptimizer
  File "/app/skills/market_portfolio_strategy_optimizer.py", line 1, in <module>
    from skills.market_portfolio_backtester import MarketPortfolioBacktester
  File "/app/skills/market_portfolio_backtester.py", line 3, in <module>
    from skills.db_storage import MarketParser
  File "/app/skills/db_storage.py", line 2, in <module>
    import requests
ModuleNotFoundError: No module named 'requests'


======================================================================
ERROR: test_market_portfolio_strategy_optimizer_integration (unittest.loader._FailedTest.test_market_portfolio_strategy_optimizer_integration)
----------------------------------------------------------------------
ImportError: Failed to import test module: test_market_portfolio_strategy_optimizer_integration
Traceback (most recent call last):
  File "/home/jules/.pyenv/versions/3.12.13/lib/python3.12/unittest/loader.py", line 396, in _find_test_path
    module = self._get_module_from_name(name)
             ^^^^^^^^^^^^^^^^^^^^^^^^^^^^^^^^
  File "/home/jules/.pyenv/versions/3.12.13/lib/python3.12/unittest/loader.py", line 339, in _get_module_from_name
    __import__(name)
  File "/app/tests/test_market_portfolio_strategy_optimizer_integration.py", line 5, in <module>
    from skills.market_portfolio_strategy_optimizer import PortfolioStrategyOptimizer
  File "/app/skills/market_portfolio_strategy_optimizer.py", line 1, in <module>
    from skills.market_portfolio_backtester import MarketPortfolioBacktester
  File "/app/skills/market_portfolio_backtester.py", line 3, in <module>
    from skills.db_storage import MarketParser
  File "/app/skills/db_storage.py", line 2, in <module>
    import requests
ModuleNotFoundError: No module named 'requests'


======================================================================
ERROR: test_market_portfolio_stress_alert_dashboard_bridge (unittest.loader._FailedTest.test_market_portfolio_stress_alert_dashboard_bridge)
----------------------------------------------------------------------
ImportError: Failed to import test module: test_market_portfolio_stress_alert_dashboard_bridge
Traceback (most recent call last):
  File "/home/jules/.pyenv/versions/3.12.13/lib/python3.12/unittest/loader.py", line 396, in _find_test_path
    module = self._get_module_from_name(name)
             ^^^^^^^^^^^^^^^^^^^^^^^^^^^^^^^^
  File "/home/jules/.pyenv/versions/3.12.13/lib/python3.12/unittest/loader.py", line 339, in _get_module_from_name
    __import__(name)
  File "/app/tests/test_market_portfolio_stress_alert_dashboard_bridge.py", line 8, in <module>
    from skills.market_portfolio_stress_alert_dashboard_bridge import (
  File "/app/skills/market_portfolio_stress_alert_dashboard_bridge.py", line 1, in <module>
    from skills.market_portfolio_stress_alert_emitter import StressAlertEmitter
  File "/app/skills/market_portfolio_stress_alert_emitter.py", line 3, in <module>
    from skills import market_portfolio_stress_reporter
  File "/app/skills/market_portfolio_stress_reporter.py", line 1, in <module>
    from skills.market_portfolio_scenario_simulator import PortfolioScenarioSimulator
  File "/app/skills/market_portfolio_scenario_simulator.py", line 5, in <module>
    from skills.market_parser import MarketParser
  File "/app/skills/market_parser.py", line 4, in <module>
    import requests
ModuleNotFoundError: No module named 'requests'


======================================================================
ERROR: test_market_portfolio_stress_alert_dashboard_bridge_integration (unittest.loader._FailedTest.test_market_portfolio_stress_alert_dashboard_bridge_integration)
----------------------------------------------------------------------
ImportError: Failed to import test module: test_market_portfolio_stress_alert_dashboard_bridge_integration
Traceback (most recent call last):
  File "/home/jules/.pyenv/versions/3.12.13/lib/python3.12/unittest/loader.py", line 396, in _find_test_path
    module = self._get_module_from_name(name)
             ^^^^^^^^^^^^^^^^^^^^^^^^^^^^^^^^
  File "/home/jules/.pyenv/versions/3.12.13/lib/python3.12/unittest/loader.py", line 339, in _get_module_from_name
    __import__(name)
  File "/app/tests/test_market_portfolio_stress_alert_dashboard_bridge_integration.py", line 6, in <module>
    from skills.market_portfolio_stress_alert_dashboard_bridge import (
  File "/app/skills/market_portfolio_stress_alert_dashboard_bridge.py", line 1, in <module>
    from skills.market_portfolio_stress_alert_emitter import StressAlertEmitter
  File "/app/skills/market_portfolio_stress_alert_emitter.py", line 3, in <module>
    from skills import market_portfolio_stress_reporter
  File "/app/skills/market_portfolio_stress_reporter.py", line 1, in <module>
    from skills.market_portfolio_scenario_simulator import PortfolioScenarioSimulator
  File "/app/skills/market_portfolio_scenario_simulator.py", line 5, in <module>
    from skills.market_parser import MarketParser
  File "/app/skills/market_parser.py", line 4, in <module>
    import requests
ModuleNotFoundError: No module named 'requests'


======================================================================
ERROR: test_market_portfolio_stress_alert_emitter (unittest.loader._FailedTest.test_market_portfolio_stress_alert_emitter)
----------------------------------------------------------------------
ImportError: Failed to import test module: test_market_portfolio_stress_alert_emitter
Traceback (most recent call last):
  File "/home/jules/.pyenv/versions/3.12.13/lib/python3.12/unittest/loader.py", line 396, in _find_test_path
    module = self._get_module_from_name(name)
             ^^^^^^^^^^^^^^^^^^^^^^^^^^^^^^^^
  File "/home/jules/.pyenv/versions/3.12.13/lib/python3.12/unittest/loader.py", line 339, in _get_module_from_name
    __import__(name)
  File "/app/tests/test_market_portfolio_stress_alert_emitter.py", line 10, in <module>
    from skills.market_portfolio_stress_alert_emitter import (
  File "/app/skills/market_portfolio_stress_alert_emitter.py", line 3, in <module>
    from skills import market_portfolio_stress_reporter
  File "/app/skills/market_portfolio_stress_reporter.py", line 1, in <module>
    from skills.market_portfolio_scenario_simulator import PortfolioScenarioSimulator
  File "/app/skills/market_portfolio_scenario_simulator.py", line 5, in <module>
    from skills.market_parser import MarketParser
  File "/app/skills/market_parser.py", line 4, in <module>
    import requests
ModuleNotFoundError: No module named 'requests'


======================================================================
ERROR: test_market_portfolio_stress_alert_emitter_integration (unittest.loader._FailedTest.test_market_portfolio_stress_alert_emitter_integration)
----------------------------------------------------------------------
ImportError: Failed to import test module: test_market_portfolio_stress_alert_emitter_integration
Traceback (most recent call last):
  File "/home/jules/.pyenv/versions/3.12.13/lib/python3.12/unittest/loader.py", line 396, in _find_test_path
    module = self._get_module_from_name(name)
             ^^^^^^^^^^^^^^^^^^^^^^^^^^^^^^^^
  File "/home/jules/.pyenv/versions/3.12.13/lib/python3.12/unittest/loader.py", line 339, in _get_module_from_name
    __import__(name)
  File "/app/tests/test_market_portfolio_stress_alert_emitter_integration.py", line 5, in <module>
    from skills.market_portfolio_stress_alert_emitter import emit_stress_alerts_from_report
  File "/app/skills/market_portfolio_stress_alert_emitter.py", line 3, in <module>
    from skills import market_portfolio_stress_reporter
  File "/app/skills/market_portfolio_stress_reporter.py", line 1, in <module>
    from skills.market_portfolio_scenario_simulator import PortfolioScenarioSimulator
  File "/app/skills/market_portfolio_scenario_simulator.py", line 5, in <module>
    from skills.market_parser import MarketParser
  File "/app/skills/market_parser.py", line 4, in <module>
    import requests
ModuleNotFoundError: No module named 'requests'


======================================================================
ERROR: test_market_portfolio_stress_audit_exporter_v2 (unittest.loader._FailedTest.test_market_portfolio_stress_audit_exporter_v2)
----------------------------------------------------------------------
ImportError: Failed to import test module: test_market_portfolio_stress_audit_exporter_v2
Traceback (most recent call last):
  File "/home/jules/.pyenv/versions/3.12.13/lib/python3.12/unittest/loader.py", line 396, in _find_test_path
    module = self._get_module_from_name(name)
             ^^^^^^^^^^^^^^^^^^^^^^^^^^^^^^^^
  File "/home/jules/.pyenv/versions/3.12.13/lib/python3.12/unittest/loader.py", line 339, in _get_module_from_name
    __import__(name)
  File "/app/tests/test_market_portfolio_stress_audit_exporter_v2.py", line 8, in <module>
    import requests
ModuleNotFoundError: No module named 'requests'


======================================================================
ERROR: test_market_portfolio_stress_audit_exporter_v2_integration (unittest.loader._FailedTest.test_market_portfolio_stress_audit_exporter_v2_integration)
----------------------------------------------------------------------
ImportError: Failed to import test module: test_market_portfolio_stress_audit_exporter_v2_integration
Traceback (most recent call last):
  File "/home/jules/.pyenv/versions/3.12.13/lib/python3.12/unittest/loader.py", line 396, in _find_test_path
    module = self._get_module_from_name(name)
             ^^^^^^^^^^^^^^^^^^^^^^^^^^^^^^^^
  File "/home/jules/.pyenv/versions/3.12.13/lib/python3.12/unittest/loader.py", line 339, in _get_module_from_name
    __import__(name)
  File "/app/tests/test_market_portfolio_stress_audit_exporter_v2_integration.py", line 6, in <module>
    from skills.market_portfolio_stress_audit_exporter_v2 import (
  File "/app/skills/market_portfolio_stress_audit_exporter_v2.py", line 4, in <module>
    import requests
ModuleNotFoundError: No module named 'requests'


======================================================================
ERROR: test_market_portfolio_stress_audit_realtime_streamer (unittest.loader._FailedTest.test_market_portfolio_stress_audit_realtime_streamer)
----------------------------------------------------------------------
ImportError: Failed to import test module: test_market_portfolio_stress_audit_realtime_streamer
Traceback (most recent call last):
  File "/home/jules/.pyenv/versions/3.12.13/lib/python3.12/unittest/loader.py", line 396, in _find_test_path
    module = self._get_module_from_name(name)
             ^^^^^^^^^^^^^^^^^^^^^^^^^^^^^^^^
  File "/home/jules/.pyenv/versions/3.12.13/lib/python3.12/unittest/loader.py", line 339, in _get_module_from_name
    __import__(name)
  File "/app/tests/test_market_portfolio_stress_audit_realtime_streamer.py", line 7, in <module>
    from skills.market_portfolio_stress_audit_realtime_streamer import MarketPortfolioStressAuditRealtimeStreamer
  File "/app/skills/market_portfolio_stress_audit_realtime_streamer.py", line 3, in <module>
    from skills import db_storage as default_db_storage
  File "/app/skills/db_storage.py", line 2, in <module>
    import requests
ModuleNotFoundError: No module named 'requests'


======================================================================
ERROR: test_market_portfolio_stress_audit_realtime_streamer_integration (unittest.loader._FailedTest.test_market_portfolio_stress_audit_realtime_streamer_integration)
----------------------------------------------------------------------
ImportError: Failed to import test module: test_market_portfolio_stress_audit_realtime_streamer_integration
Traceback (most recent call last):
  File "/home/jules/.pyenv/versions/3.12.13/lib/python3.12/unittest/loader.py", line 396, in _find_test_path
    module = self._get_module_from_name(name)
             ^^^^^^^^^^^^^^^^^^^^^^^^^^^^^^^^
  File "/home/jules/.pyenv/versions/3.12.13/lib/python3.12/unittest/loader.py", line 339, in _get_module_from_name
    __import__(name)
  File "/app/tests/test_market_portfolio_stress_audit_realtime_streamer_integration.py", line 6, in <module>
    from skills import db_storage
  File "/app/skills/db_storage.py", line 2, in <module>
    import requests
ModuleNotFoundError: No module named 'requests'


======================================================================
ERROR: test_market_portfolio_stress_audit_visualizer (unittest.loader._FailedTest.test_market_portfolio_stress_audit_visualizer)
----------------------------------------------------------------------
ImportError: Failed to import test module: test_market_portfolio_stress_audit_visualizer
Traceback (most recent call last):
  File "/home/jules/.pyenv/versions/3.12.13/lib/python3.12/unittest/loader.py", line 396, in _find_test_path
    module = self._get_module_from_name(name)
             ^^^^^^^^^^^^^^^^^^^^^^^^^^^^^^^^
  File "/home/jules/.pyenv/versions/3.12.13/lib/python3.12/unittest/loader.py", line 339, in _get_module_from_name
    __import__(name)
  File "/app/tests/test_market_portfolio_stress_audit_visualizer.py", line 6, in <module>
    import requests
ModuleNotFoundError: No module named 'requests'


======================================================================
ERROR: test_market_portfolio_stress_audit_visualizer_integration (unittest.loader._FailedTest.test_market_portfolio_stress_audit_visualizer_integration)
----------------------------------------------------------------------
ImportError: Failed to import test module: test_market_portfolio_stress_audit_visualizer_integration
Traceback (most recent call last):
  File "/home/jules/.pyenv/versions/3.12.13/lib/python3.12/unittest/loader.py", line 396, in _find_test_path
    module = self._get_module_from_name(name)
             ^^^^^^^^^^^^^^^^^^^^^^^^^^^^^^^^
  File "/home/jules/.pyenv/versions/3.12.13/lib/python3.12/unittest/loader.py", line 339, in _get_module_from_name
    __import__(name)
  File "/app/tests/test_market_portfolio_stress_audit_visualizer_integration.py", line 4, in <module>
    from skills.market_portfolio_stress_audit_visualizer import MarketPortfolioStressAuditVisualizer
  File "/app/skills/market_portfolio_stress_audit_visualizer.py", line 2, in <module>
    import requests
ModuleNotFoundError: No module named 'requests'


======================================================================
ERROR: test_market_portfolio_stress_auto_hedge_sync (unittest.loader._FailedTest.test_market_portfolio_stress_auto_hedge_sync)
----------------------------------------------------------------------
ImportError: Failed to import test module: test_market_portfolio_stress_auto_hedge_sync
Traceback (most recent call last):
  File "/home/jules/.pyenv/versions/3.12.13/lib/python3.12/unittest/loader.py", line 396, in _find_test_path
    module = self._get_module_from_name(name)
             ^^^^^^^^^^^^^^^^^^^^^^^^^^^^^^^^
  File "/home/jules/.pyenv/versions/3.12.13/lib/python3.12/unittest/loader.py", line 339, in _get_module_from_name
    __import__(name)
  File "/app/tests/test_market_portfolio_stress_auto_hedge_sync.py", line 6, in <module>
    from skills.market_portfolio_stress_auto_hedge_sync import (
  File "/app/skills/market_portfolio_stress_auto_hedge_sync.py", line 2, in <module>
    from skills.market_portfolio_stress_scenario_pipeline import PortfolioStressScenarioPipeline
  File "/app/skills/market_portfolio_stress_scenario_pipeline.py", line 3, in <module>
    from skills.market_portfolio_scenario_simulator import PortfolioScenarioSimulator
  File "/app/skills/market_portfolio_scenario_simulator.py", line 5, in <module>
    from skills.market_parser import MarketParser
  File "/app/skills/market_parser.py", line 4, in <module>
    import requests
ModuleNotFoundError: No module named 'requests'


======================================================================
ERROR: test_market_portfolio_stress_auto_hedge_sync_integration (unittest.loader._FailedTest.test_market_portfolio_stress_auto_hedge_sync_integration)
----------------------------------------------------------------------
ImportError: Failed to import test module: test_market_portfolio_stress_auto_hedge_sync_integration
Traceback (most recent call last):
  File "/home/jules/.pyenv/versions/3.12.13/lib/python3.12/unittest/loader.py", line 396, in _find_test_path
    module = self._get_module_from_name(name)
             ^^^^^^^^^^^^^^^^^^^^^^^^^^^^^^^^
  File "/home/jules/.pyenv/versions/3.12.13/lib/python3.12/unittest/loader.py", line 339, in _get_module_from_name
    __import__(name)
  File "/app/tests/test_market_portfolio_stress_auto_hedge_sync_integration.py", line 5, in <module>
    from skills.market_portfolio_stress_auto_hedge_sync import MarketPortfolioStressAutoHedgeSync, run_auto_hedge_sync
  File "/app/skills/market_portfolio_stress_auto_hedge_sync.py", line 2, in <module>
    from skills.market_portfolio_stress_scenario_pipeline import PortfolioStressScenarioPipeline
  File "/app/skills/market_portfolio_stress_scenario_pipeline.py", line 3, in <module>
    from skills.market_portfolio_scenario_simulator import PortfolioScenarioSimulator
  File "/app/skills/market_portfolio_scenario_simulator.py", line 5, in <module>
    from skills.market_parser import MarketParser
  File "/app/skills/market_parser.py", line 4, in <module>
    import requests
ModuleNotFoundError: No module named 'requests'


======================================================================
ERROR: test_market_portfolio_stress_auto_rebalance_trigger (unittest.loader._FailedTest.test_market_portfolio_stress_auto_rebalance_trigger)
----------------------------------------------------------------------
ImportError: Failed to import test module: test_market_portfolio_stress_auto_rebalance_trigger
Traceback (most recent call last):
  File "/home/jules/.pyenv/versions/3.12.13/lib/python3.12/unittest/loader.py", line 396, in _find_test_path
    module = self._get_module_from_name(name)
             ^^^^^^^^^^^^^^^^^^^^^^^^^^^^^^^^
  File "/home/jules/.pyenv/versions/3.12.13/lib/python3.12/unittest/loader.py", line 339, in _get_module_from_name
    __import__(name)
  File "/app/tests/test_market_portfolio_stress_auto_rebalance_trigger.py", line 6, in <module>
    import requests
ModuleNotFoundError: No module named 'requests'


======================================================================
ERROR: test_market_portfolio_stress_auto_rebalance_trigger_integration (unittest.loader._FailedTest.test_market_portfolio_stress_auto_rebalance_trigger_integration)
----------------------------------------------------------------------
ImportError: Failed to import test module: test_market_portfolio_stress_auto_rebalance_trigger_integration
Traceback (most recent call last):
  File "/home/jules/.pyenv/versions/3.12.13/lib/python3.12/unittest/loader.py", line 396, in _find_test_path
    module = self._get_module_from_name(name)
             ^^^^^^^^^^^^^^^^^^^^^^^^^^^^^^^^
  File "/home/jules/.pyenv/versions/3.12.13/lib/python3.12/unittest/loader.py", line 339, in _get_module_from_name
    __import__(name)
  File "/app/tests/test_market_portfolio_stress_auto_rebalance_trigger_integration.py", line 4, in <module>
    from skills.market_portfolio_stress_auto_rebalance_trigger import market_portfolio_stress_auto_rebalance_trigger
  File "/app/skills/market_portfolio_stress_auto_rebalance_trigger.py", line 2, in <module>
    import requests
ModuleNotFoundError: No module named 'requests'


======================================================================
ERROR: test_market_portfolio_stress_monte_carlo_engine (unittest.loader._FailedTest.test_market_portfolio_stress_monte_carlo_engine)
----------------------------------------------------------------------
ImportError: Failed to import test module: test_market_portfolio_stress_monte_carlo_engine
Traceback (most recent call last):
  File "/home/jules/.pyenv/versions/3.12.13/lib/python3.12/unittest/loader.py", line 396, in _find_test_path
    module = self._get_module_from_name(name)
             ^^^^^^^^^^^^^^^^^^^^^^^^^^^^^^^^
  File "/home/jules/.pyenv/versions/3.12.13/lib/python3.12/unittest/loader.py", line 339, in _get_module_from_name
    __import__(name)
  File "/app/tests/test_market_portfolio_stress_monte_carlo_engine.py", line 6, in <module>
    from skills.market_portfolio_stress_monte_carlo_engine import (
  File "/app/skills/market_portfolio_stress_monte_carlo_engine.py", line 6, in <module>
    from skills import db_storage
  File "/app/skills/db_storage.py", line 2, in <module>
    import requests
ModuleNotFoundError: No module named 'requests'


======================================================================
ERROR: test_market_portfolio_stress_monte_carlo_engine_integration (unittest.loader._FailedTest.test_market_portfolio_stress_monte_carlo_engine_integration)
----------------------------------------------------------------------
ImportError: Failed to import test module: test_market_portfolio_stress_monte_carlo_engine_integration
Traceback (most recent call last):
  File "/home/jules/.pyenv/versions/3.12.13/lib/python3.12/unittest/loader.py", line 396, in _find_test_path
    module = self._get_module_from_name(name)
             ^^^^^^^^^^^^^^^^^^^^^^^^^^^^^^^^
  File "/home/jules/.pyenv/versions/3.12.13/lib/python3.12/unittest/loader.py", line 339, in _get_module_from_name
    __import__(name)
  File "/app/tests/test_market_portfolio_stress_monte_carlo_engine_integration.py", line 5, in <module>
    from skills import db_storage
  File "/app/skills/db_storage.py", line 2, in <module>
    import requests
ModuleNotFoundError: No module named 'requests'


======================================================================
ERROR: test_market_portfolio_stress_recovery_coordinator_bridge (unittest.loader._FailedTest.test_market_portfolio_stress_recovery_coordinator_bridge)
----------------------------------------------------------------------
ImportError: Failed to import test module: test_market_portfolio_stress_recovery_coordinator_bridge
Traceback (most recent call last):
  File "/home/jules/.pyenv/versions/3.12.13/lib/python3.12/unittest/loader.py", line 396, in _find_test_path
    module = self._get_module_from_name(name)
             ^^^^^^^^^^^^^^^^^^^^^^^^^^^^^^^^
  File "/home/jules/.pyenv/versions/3.12.13/lib/python3.12/unittest/loader.py", line 339, in _get_module_from_name
    __import__(name)
  File "/app/tests/test_market_portfolio_stress_recovery_coordinator_bridge.py", line 8, in <module>
    from skills.market_portfolio_stress_recovery_coordinator_bridge import (
  File "/app/skills/market_portfolio_stress_recovery_coordinator_bridge.py", line 3, in <module>
    from skills.market_portfolio_stress_scenario_pipeline import (
  File "/app/skills/market_portfolio_stress_scenario_pipeline.py", line 3, in <module>
    from skills.market_portfolio_scenario_simulator import PortfolioScenarioSimulator
  File "/app/skills/market_portfolio_scenario_simulator.py", line 5, in <module>
    from skills.market_parser import MarketParser
  File "/app/skills/market_parser.py", line 4, in <module>
    import requests
ModuleNotFoundError: No module named 'requests'


======================================================================
ERROR: test_market_portfolio_stress_recovery_coordinator_bridge_integration (unittest.loader._FailedTest.test_market_portfolio_stress_recovery_coordinator_bridge_integration)
----------------------------------------------------------------------
ImportError: Failed to import test module: test_market_portfolio_stress_recovery_coordinator_bridge_integration
Traceback (most recent call last):
  File "/home/jules/.pyenv/versions/3.12.13/lib/python3.12/unittest/loader.py", line 396, in _find_test_path
    module = self._get_module_from_name(name)
             ^^^^^^^^^^^^^^^^^^^^^^^^^^^^^^^^
  File "/home/jules/.pyenv/versions/3.12.13/lib/python3.12/unittest/loader.py", line 339, in _get_module_from_name
    __import__(name)
  File "/app/tests/test_market_portfolio_stress_recovery_coordinator_bridge_integration.py", line 5, in <module>
    from skills.market_portfolio_stress_recovery_coordinator_bridge import (
  File "/app/skills/market_portfolio_stress_recovery_coordinator_bridge.py", line 3, in <module>
    from skills.market_portfolio_stress_scenario_pipeline import (
  File "/app/skills/market_portfolio_stress_scenario_pipeline.py", line 3, in <module>
    from skills.market_portfolio_scenario_simulator import PortfolioScenarioSimulator
  File "/app/skills/market_portfolio_scenario_simulator.py", line 5, in <module>
    from skills.market_parser import MarketParser
  File "/app/skills/market_parser.py", line 4, in <module>
    import requests
ModuleNotFoundError: No module named 'requests'


======================================================================
ERROR: test_market_portfolio_stress_reporter (unittest.loader._FailedTest.test_market_portfolio_stress_reporter)
----------------------------------------------------------------------
ImportError: Failed to import test module: test_market_portfolio_stress_reporter
Traceback (most recent call last):
  File "/home/jules/.pyenv/versions/3.12.13/lib/python3.12/unittest/loader.py", line 396, in _find_test_path
    module = self._get_module_from_name(name)
             ^^^^^^^^^^^^^^^^^^^^^^^^^^^^^^^^
  File "/home/jules/.pyenv/versions/3.12.13/lib/python3.12/unittest/loader.py", line 339, in _get_module_from_name
    __import__(name)
  File "/app/tests/test_market_portfolio_stress_reporter.py", line 6, in <module>
    from skills.market_portfolio_stress_reporter import (
  File "/app/skills/market_portfolio_stress_reporter.py", line 1, in <module>
    from skills.market_portfolio_scenario_simulator import PortfolioScenarioSimulator
  File "/app/skills/market_portfolio_scenario_simulator.py", line 5, in <module>
    from skills.market_parser import MarketParser
  File "/app/skills/market_parser.py", line 4, in <module>
    import requests
ModuleNotFoundError: No module named 'requests'


======================================================================
ERROR: test_market_portfolio_stress_reporter_integration (unittest.loader._FailedTest.test_market_portfolio_stress_reporter_integration)
----------------------------------------------------------------------
ImportError: Failed to import test module: test_market_portfolio_stress_reporter_integration
Traceback (most recent call last):
  File "/home/jules/.pyenv/versions/3.12.13/lib/python3.12/unittest/loader.py", line 396, in _find_test_path
    module = self._get_module_from_name(name)
             ^^^^^^^^^^^^^^^^^^^^^^^^^^^^^^^^
  File "/home/jules/.pyenv/versions/3.12.13/lib/python3.12/unittest/loader.py", line 339, in _get_module_from_name
    __import__(name)
  File "/app/tests/test_market_portfolio_stress_reporter_integration.py", line 5, in <module>
    from skills.market_portfolio_stress_reporter import (
  File "/app/skills/market_portfolio_stress_reporter.py", line 1, in <module>
    from skills.market_portfolio_scenario_simulator import PortfolioScenarioSimulator
  File "/app/skills/market_portfolio_scenario_simulator.py", line 5, in <module>
    from skills.market_parser import MarketParser
  File "/app/skills/market_parser.py", line 4, in <module>
    import requests
ModuleNotFoundError: No module named 'requests'


======================================================================
ERROR: test_market_portfolio_stress_scenario_matrix_evaluator (unittest.loader._FailedTest.test_market_portfolio_stress_scenario_matrix_evaluator)
----------------------------------------------------------------------
ImportError: Failed to import test module: test_market_portfolio_stress_scenario_matrix_evaluator
Traceback (most recent call last):
  File "/home/jules/.pyenv/versions/3.12.13/lib/python3.12/unittest/loader.py", line 396, in _find_test_path
    module = self._get_module_from_name(name)
             ^^^^^^^^^^^^^^^^^^^^^^^^^^^^^^^^
  File "/home/jules/.pyenv/versions/3.12.13/lib/python3.12/unittest/loader.py", line 339, in _get_module_from_name
    __import__(name)
  File "/app/tests/test_market_portfolio_stress_scenario_matrix_evaluator.py", line 7, in <module>
    from skills.market_portfolio_stress_scenario_matrix_evaluator import (
  File "/app/skills/market_portfolio_stress_scenario_matrix_evaluator.py", line 1, in <module>
    import requests
ModuleNotFoundError: No module named 'requests'


======================================================================
ERROR: test_market_portfolio_stress_scenario_matrix_evaluator_integration (unittest.loader._FailedTest.test_market_portfolio_stress_scenario_matrix_evaluator_integration)
----------------------------------------------------------------------
ImportError: Failed to import test module: test_market_portfolio_stress_scenario_matrix_evaluator_integration
Traceback (most recent call last):
  File "/home/jules/.pyenv/versions/3.12.13/lib/python3.12/unittest/loader.py", line 396, in _find_test_path
    module = self._get_module_from_name(name)
             ^^^^^^^^^^^^^^^^^^^^^^^^^^^^^^^^
  File "/home/jules/.pyenv/versions/3.12.13/lib/python3.12/unittest/loader.py", line 339, in _get_module_from_name
    __import__(name)
  File "/app/tests/test_market_portfolio_stress_scenario_matrix_evaluator_integration.py", line 4, in <module>
    from skills.market_portfolio_stress_scenario_matrix_evaluator import (
  File "/app/skills/market_portfolio_stress_scenario_matrix_evaluator.py", line 1, in <module>
    import requests
ModuleNotFoundError: No module named 'requests'


======================================================================
ERROR: test_market_portfolio_stress_scenario_pipeline (unittest.loader._FailedTest.test_market_portfolio_stress_scenario_pipeline)
----------------------------------------------------------------------
ImportError: Failed to import test module: test_market_portfolio_stress_scenario_pipeline
Traceback (most recent call last):
  File "/home/jules/.pyenv/versions/3.12.13/lib/python3.12/unittest/loader.py", line 396, in _find_test_path
    module = self._get_module_from_name(name)
             ^^^^^^^^^^^^^^^^^^^^^^^^^^^^^^^^
  File "/home/jules/.pyenv/versions/3.12.13/lib/python3.12/unittest/loader.py", line 339, in _get_module_from_name
    __import__(name)
  File "/app/tests/test_market_portfolio_stress_scenario_pipeline.py", line 7, in <module>
    from skills.market_portfolio_stress_scenario_pipeline import PortfolioStressScenarioPipeline
  File "/app/skills/market_portfolio_stress_scenario_pipeline.py", line 3, in <module>
    from skills.market_portfolio_scenario_simulator import PortfolioScenarioSimulator
  File "/app/skills/market_portfolio_scenario_simulator.py", line 5, in <module>
    from skills.market_parser import MarketParser
  File "/app/skills/market_parser.py", line 4, in <module>
    import requests
ModuleNotFoundError: No module named 'requests'


======================================================================
ERROR: test_market_portfolio_stress_scenario_pipeline_integration (unittest.loader._FailedTest.test_market_portfolio_stress_scenario_pipeline_integration)
----------------------------------------------------------------------
ImportError: Failed to import test module: test_market_portfolio_stress_scenario_pipeline_integration
Traceback (most recent call last):
  File "/home/jules/.pyenv/versions/3.12.13/lib/python3.12/unittest/loader.py", line 396, in _find_test_path
    module = self._get_module_from_name(name)
             ^^^^^^^^^^^^^^^^^^^^^^^^^^^^^^^^
  File "/home/jules/.pyenv/versions/3.12.13/lib/python3.12/unittest/loader.py", line 339, in _get_module_from_name
    __import__(name)
  File "/app/tests/test_market_portfolio_stress_scenario_pipeline_integration.py", line 6, in <module>
    from skills.market_portfolio_stress_scenario_pipeline import PortfolioStressScenarioPipeline, run_stress_scenario_pipeline
  File "/app/skills/market_portfolio_stress_scenario_pipeline.py", line 3, in <module>
    from skills.market_portfolio_scenario_simulator import PortfolioScenarioSimulator
  File "/app/skills/market_portfolio_scenario_simulator.py", line 5, in <module>
    from skills.market_parser import MarketParser
  File "/app/skills/market_parser.py", line 4, in <module>
    import requests
ModuleNotFoundError: No module named 'requests'


======================================================================
ERROR: test_market_portfolio_telegram_command_center (unittest.loader._FailedTest.test_market_portfolio_telegram_command_center)
----------------------------------------------------------------------
ImportError: Failed to import test module: test_market_portfolio_telegram_command_center
Traceback (most recent call last):
  File "/home/jules/.pyenv/versions/3.12.13/lib/python3.12/unittest/loader.py", line 396, in _find_test_path
    module = self._get_module_from_name(name)
             ^^^^^^^^^^^^^^^^^^^^^^^^^^^^^^^^
  File "/home/jules/.pyenv/versions/3.12.13/lib/python3.12/unittest/loader.py", line 339, in _get_module_from_name
    __import__(name)
  File "/app/tests/test_market_portfolio_telegram_command_center.py", line 7, in <module>
    import requests
ModuleNotFoundError: No module named 'requests'


======================================================================
ERROR: test_market_portfolio_telegram_command_center_integration (unittest.loader._FailedTest.test_market_portfolio_telegram_command_center_integration)
----------------------------------------------------------------------
ImportError: Failed to import test module: test_market_portfolio_telegram_command_center_integration
Traceback (most recent call last):
  File "/home/jules/.pyenv/versions/3.12.13/lib/python3.12/unittest/loader.py", line 396, in _find_test_path
    module = self._get_module_from_name(name)
             ^^^^^^^^^^^^^^^^^^^^^^^^^^^^^^^^
  File "/home/jules/.pyenv/versions/3.12.13/lib/python3.12/unittest/loader.py", line 339, in _get_module_from_name
    __import__(name)
  File "/app/tests/test_market_portfolio_telegram_command_center_integration.py", line 6, in <module>
    from skills.market_portfolio_telegram_command_center import (
  File "/app/skills/market_portfolio_telegram_command_center.py", line 3, in <module>
    import requests
ModuleNotFoundError: No module named 'requests'


======================================================================
ERROR: test_market_portfolio_telegram_notifier (unittest.loader._FailedTest.test_market_portfolio_telegram_notifier)
----------------------------------------------------------------------
ImportError: Failed to import test module: test_market_portfolio_telegram_notifier
Traceback (most recent call last):
  File "/home/jules/.pyenv/versions/3.12.13/lib/python3.12/unittest/loader.py", line 396, in _find_test_path
    module = self._get_module_from_name(name)
             ^^^^^^^^^^^^^^^^^^^^^^^^^^^^^^^^
  File "/home/jules/.pyenv/versions/3.12.13/lib/python3.12/unittest/loader.py", line 339, in _get_module_from_name
    __import__(name)
  File "/app/tests/test_market_portfolio_telegram_notifier.py", line 5, in <module>
    import requests
ModuleNotFoundError: No module named 'requests'


======================================================================
ERROR: test_market_portfolio_telegram_notifier_integration (unittest.loader._FailedTest.test_market_portfolio_telegram_notifier_integration)
----------------------------------------------------------------------
ImportError: Failed to import test module: test_market_portfolio_telegram_notifier_integration
Traceback (most recent call last):
  File "/home/jules/.pyenv/versions/3.12.13/lib/python3.12/unittest/loader.py", line 396, in _find_test_path
    module = self._get_module_from_name(name)
             ^^^^^^^^^^^^^^^^^^^^^^^^^^^^^^^^
  File "/home/jules/.pyenv/versions/3.12.13/lib/python3.12/unittest/loader.py", line 339, in _get_module_from_name
    __import__(name)
  File "/app/tests/test_market_portfolio_telegram_notifier_integration.py", line 4, in <module>
    from skills.market_portfolio_telegram_notifier import start_new, send_telegram_notification
  File "/app/skills/market_portfolio_telegram_notifier.py", line 1, in <module>
    import requests
ModuleNotFoundError: No module named 'requests'


======================================================================
ERROR: test_market_portfolio_valuation (unittest.loader._FailedTest.test_market_portfolio_valuation)
----------------------------------------------------------------------
ImportError: Failed to import test module: test_market_portfolio_valuation
Traceback (most recent call last):
  File "/home/jules/.pyenv/versions/3.12.13/lib/python3.12/unittest/loader.py", line 396, in _find_test_path
    module = self._get_module_from_name(name)
             ^^^^^^^^^^^^^^^^^^^^^^^^^^^^^^^^
  File "/home/jules/.pyenv/versions/3.12.13/lib/python3.12/unittest/loader.py", line 339, in _get_module_from_name
    __import__(name)
  File "/app/tests/test_market_portfolio_valuation.py", line 10, in <module>
    from skills.market_portfolio_valuation import PortfolioValuation
  File "/app/skills/market_portfolio_valuation.py", line 1, in <module>
    import skills.db_storage as db_storage
  File "/app/skills/db_storage.py", line 2, in <module>
    import requests
ModuleNotFoundError: No module named 'requests'


======================================================================
ERROR: test_market_portfolio_valuation_integration (unittest.loader._FailedTest.test_market_portfolio_valuation_integration)
----------------------------------------------------------------------
ImportError: Failed to import test module: test_market_portfolio_valuation_integration
Traceback (most recent call last):
  File "/home/jules/.pyenv/versions/3.12.13/lib/python3.12/unittest/loader.py", line 396, in _find_test_path
    module = self._get_module_from_name(name)
             ^^^^^^^^^^^^^^^^^^^^^^^^^^^^^^^^
  File "/home/jules/.pyenv/versions/3.12.13/lib/python3.12/unittest/loader.py", line 339, in _get_module_from_name
    __import__(name)
  File "/app/tests/test_market_portfolio_valuation_integration.py", line 5, in <module>
    from skills.market_portfolio_valuation import PortfolioValuation
  File "/app/skills/market_portfolio_valuation.py", line 1, in <module>
    import skills.db_storage as db_storage
  File "/app/skills/db_storage.py", line 2, in <module>
    import requests
ModuleNotFoundError: No module named 'requests'


======================================================================
ERROR: test_market_portfolio_visualizer_v2 (unittest.loader._FailedTest.test_market_portfolio_visualizer_v2)
----------------------------------------------------------------------
ImportError: Failed to import test module: test_market_portfolio_visualizer_v2
Traceback (most recent call last):
  File "/home/jules/.pyenv/versions/3.12.13/lib/python3.12/unittest/loader.py", line 396, in _find_test_path
    module = self._get_module_from_name(name)
             ^^^^^^^^^^^^^^^^^^^^^^^^^^^^^^^^
  File "/home/jules/.pyenv/versions/3.12.13/lib/python3.12/unittest/loader.py", line 339, in _get_module_from_name
    __import__(name)
  File "/app/tests/test_market_portfolio_visualizer_v2.py", line 9, in <module>
    from skills.market_portfolio_visualizer_v2 import (
  File "/app/skills/market_portfolio_visualizer_v2.py", line 3, in <module>
    import requests
ModuleNotFoundError: No module named 'requests'


======================================================================
ERROR: test_market_portfolio_visualizer_v2_integration (unittest.loader._FailedTest.test_market_portfolio_visualizer_v2_integration)
----------------------------------------------------------------------
ImportError: Failed to import test module: test_market_portfolio_visualizer_v2_integration
Traceback (most recent call last):
  File "/home/jules/.pyenv/versions/3.12.13/lib/python3.12/unittest/loader.py", line 396, in _find_test_path
    module = self._get_module_from_name(name)
             ^^^^^^^^^^^^^^^^^^^^^^^^^^^^^^^^
  File "/home/jules/.pyenv/versions/3.12.13/lib/python3.12/unittest/loader.py", line 339, in _get_module_from_name
    __import__(name)
  File "/app/tests/test_market_portfolio_visualizer_v2_integration.py", line 5, in <module>
    from skills.market_portfolio_visualizer_v2 import (
  File "/app/skills/market_portfolio_visualizer_v2.py", line 3, in <module>
    import requests
ModuleNotFoundError: No module named 'requests'


======================================================================
ERROR: test_market_portfolio_webhook_event_logger (unittest.loader._FailedTest.test_market_portfolio_webhook_event_logger)
----------------------------------------------------------------------
ImportError: Failed to import test module: test_market_portfolio_webhook_event_logger
Traceback (most recent call last):
  File "/home/jules/.pyenv/versions/3.12.13/lib/python3.12/unittest/loader.py", line 396, in _find_test_path
    module = self._get_module_from_name(name)
             ^^^^^^^^^^^^^^^^^^^^^^^^^^^^^^^^
  File "/home/jules/.pyenv/versions/3.12.13/lib/python3.12/unittest/loader.py", line 339, in _get_module_from_name
    __import__(name)
  File "/app/tests/test_market_portfolio_webhook_event_logger.py", line 7, in <module>
    from skills.market_portfolio_webhook_event_logger import MarketPortfolioWebhookEventLogger
  File "/app/skills/market_portfolio_webhook_event_logger.py", line 2, in <module>
    from skills.market_portfolio_data_exporter import PortfolioDataExporter
  File "/app/skills/market_portfolio_data_exporter.py", line 3, in <module>
    from skills.market_portfolio_api_gateway import MarketPortfolioAPIGateway
  File "/app/skills/market_portfolio_api_gateway.py", line 3, in <module>
    from skills.db_storage import MarketParser
  File "/app/skills/db_storage.py", line 2, in <module>
    import requests
ModuleNotFoundError: No module named 'requests'


======================================================================
ERROR: test_market_portfolio_webhook_event_logger_integration (unittest.loader._FailedTest.test_market_portfolio_webhook_event_logger_integration)
----------------------------------------------------------------------
ImportError: Failed to import test module: test_market_portfolio_webhook_event_logger_integration
Traceback (most recent call last):
  File "/home/jules/.pyenv/versions/3.12.13/lib/python3.12/unittest/loader.py", line 396, in _find_test_path
    module = self._get_module_from_name(name)
             ^^^^^^^^^^^^^^^^^^^^^^^^^^^^^^^^
  File "/home/jules/.pyenv/versions/3.12.13/lib/python3.12/unittest/loader.py", line 339, in _get_module_from_name
    __import__(name)
  File "/app/tests/test_market_portfolio_webhook_event_logger_integration.py", line 6, in <module>
    from skills.market_portfolio_webhook_event_logger import (
  File "/app/skills/market_portfolio_webhook_event_logger.py", line 2, in <module>
    from skills.market_portfolio_data_exporter import PortfolioDataExporter
  File "/app/skills/market_portfolio_data_exporter.py", line 3, in <module>
    from skills.market_portfolio_api_gateway import MarketPortfolioAPIGateway
  File "/app/skills/market_portfolio_api_gateway.py", line 3, in <module>
    from skills.db_storage import MarketParser
  File "/app/skills/db_storage.py", line 2, in <module>
    import requests
ModuleNotFoundError: No module named 'requests'


======================================================================
ERROR: test_market_report_generator (unittest.loader._FailedTest.test_market_report_generator)
----------------------------------------------------------------------
ImportError: Failed to import test module: test_market_report_generator
Traceback (most recent call last):
  File "/home/jules/.pyenv/versions/3.12.13/lib/python3.12/unittest/loader.py", line 396, in _find_test_path
    module = self._get_module_from_name(name)
             ^^^^^^^^^^^^^^^^^^^^^^^^^^^^^^^^
  File "/home/jules/.pyenv/versions/3.12.13/lib/python3.12/unittest/loader.py", line 339, in _get_module_from_name
    __import__(name)
  File "/app/tests/test_market_report_generator.py", line 7, in <module>
    from skills.market_report_generator import MarketReportGenerator, generate_market_report
  File "/app/skills/market_report_generator.py", line 1, in <module>
    from skills.market_parser import MarketParser
  File "/app/skills/market_parser.py", line 4, in <module>
    import requests
ModuleNotFoundError: No module named 'requests'


======================================================================
ERROR: test_market_report_generator_integration (unittest.loader._FailedTest.test_market_report_generator_integration)
----------------------------------------------------------------------
ImportError: Failed to import test module: test_market_report_generator_integration
Traceback (most recent call last):
  File "/home/jules/.pyenv/versions/3.12.13/lib/python3.12/unittest/loader.py", line 396, in _find_test_path
    module = self._get_module_from_name(name)
             ^^^^^^^^^^^^^^^^^^^^^^^^^^^^^^^^
  File "/home/jules/.pyenv/versions/3.12.13/lib/python3.12/unittest/loader.py", line 339, in _get_module_from_name
    __import__(name)
  File "/app/tests/test_market_report_generator_integration.py", line 5, in <module>
    from skills.market_report_generator import MarketReportGenerator, generate_market_report
  File "/app/skills/market_report_generator.py", line 1, in <module>
    from skills.market_parser import MarketParser
  File "/app/skills/market_parser.py", line 4, in <module>
    import requests
ModuleNotFoundError: No module named 'requests'


======================================================================
ERROR: test_market_sentiment_digest (unittest.loader._FailedTest.test_market_sentiment_digest)
----------------------------------------------------------------------
ImportError: Failed to import test module: test_market_sentiment_digest
Traceback (most recent call last):
  File "/home/jules/.pyenv/versions/3.12.13/lib/python3.12/unittest/loader.py", line 396, in _find_test_path
    module = self._get_module_from_name(name)
             ^^^^^^^^^^^^^^^^^^^^^^^^^^^^^^^^
  File "/home/jules/.pyenv/versions/3.12.13/lib/python3.12/unittest/loader.py", line 339, in _get_module_from_name
    __import__(name)
  File "/app/tests/test_market_sentiment_digest.py", line 8, in <module>
    from skills.market_sentiment_digest import (
  File "/app/skills/market_sentiment_digest.py", line 3, in <module>
    import requests
ModuleNotFoundError: No module named 'requests'


======================================================================
ERROR: test_market_sentiment_digest_integration (unittest.loader._FailedTest.test_market_sentiment_digest_integration)
----------------------------------------------------------------------
ImportError: Failed to import test module: test_market_sentiment_digest_integration
Traceback (most recent call last):
  File "/home/jules/.pyenv/versions/3.12.13/lib/python3.12/unittest/loader.py", line 396, in _find_test_path
    module = self._get_module_from_name(name)
             ^^^^^^^^^^^^^^^^^^^^^^^^^^^^^^^^
  File "/home/jules/.pyenv/versions/3.12.13/lib/python3.12/unittest/loader.py", line 339, in _get_module_from_name
    __import__(name)
  File "/app/tests/test_market_sentiment_digest_integration.py", line 5, in <module>
    from skills.market_sentiment_digest import generate_sentiment_portfolio_digest, SentimentPortfolioDigestManager
  File "/app/skills/market_sentiment_digest.py", line 3, in <module>
    import requests
ModuleNotFoundError: No module named 'requests'


======================================================================
ERROR: test_market_sentiment_risk_alert_bridge (unittest.loader._FailedTest.test_market_sentiment_risk_alert_bridge)
----------------------------------------------------------------------
ImportError: Failed to import test module: test_market_sentiment_risk_alert_bridge
Traceback (most recent call last):
  File "/home/jules/.pyenv/versions/3.12.13/lib/python3.12/unittest/loader.py", line 396, in _find_test_path
    module = self._get_module_from_name(name)
             ^^^^^^^^^^^^^^^^^^^^^^^^^^^^^^^^
  File "/home/jules/.pyenv/versions/3.12.13/lib/python3.12/unittest/loader.py", line 339, in _get_module_from_name
    __import__(name)
  File "/app/tests/test_market_sentiment_risk_alert_bridge.py", line 6, in <module>
    from skills.market_sentiment_risk_alert_bridge import (
  File "/app/skills/market_sentiment_risk_alert_bridge.py", line 1, in <module>
    from skills import market_sentiment_risk_hub
  File "/app/skills/market_sentiment_risk_hub.py", line 2, in <module>
    from skills import market_news_sentiment_analyzer
  File "/app/skills/market_news_sentiment_analyzer.py", line 4, in <module>
    from skills import db_storage
  File "/app/skills/db_storage.py", line 2, in <module>
    import requests
ModuleNotFoundError: No module named 'requests'


======================================================================
ERROR: test_market_sentiment_risk_alert_bridge_integration (unittest.loader._FailedTest.test_market_sentiment_risk_alert_bridge_integration)
----------------------------------------------------------------------
ImportError: Failed to import test module: test_market_sentiment_risk_alert_bridge_integration
Traceback (most recent call last):
  File "/home/jules/.pyenv/versions/3.12.13/lib/python3.12/unittest/loader.py", line 396, in _find_test_path
    module = self._get_module_from_name(name)
             ^^^^^^^^^^^^^^^^^^^^^^^^^^^^^^^^
  File "/home/jules/.pyenv/versions/3.12.13/lib/python3.12/unittest/loader.py", line 339, in _get_module_from_name
    __import__(name)
  File "/app/tests/test_market_sentiment_risk_alert_bridge_integration.py", line 5, in <module>
    from skills.market_sentiment_risk_alert_bridge import (
  File "/app/skills/market_sentiment_risk_alert_bridge.py", line 1, in <module>
    from skills import market_sentiment_risk_hub
  File "/app/skills/market_sentiment_risk_hub.py", line 2, in <module>
    from skills import market_news_sentiment_analyzer
  File "/app/skills/market_news_sentiment_analyzer.py", line 4, in <module>
    from skills import db_storage
  File "/app/skills/db_storage.py", line 2, in <module>
    import requests
ModuleNotFoundError: No module named 'requests'


======================================================================
ERROR: test_market_sentiment_risk_hub_integration (unittest.loader._FailedTest.test_market_sentiment_risk_hub_integration)
----------------------------------------------------------------------
ImportError: Failed to import test module: test_market_sentiment_risk_hub_integration
Traceback (most recent call last):
  File "/home/jules/.pyenv/versions/3.12.13/lib/python3.12/unittest/loader.py", line 396, in _find_test_path
    module = self._get_module_from_name(name)
             ^^^^^^^^^^^^^^^^^^^^^^^^^^^^^^^^
  File "/home/jules/.pyenv/versions/3.12.13/lib/python3.12/unittest/loader.py", line 339, in _get_module_from_name
    __import__(name)
  File "/app/tests/test_market_sentiment_risk_hub_integration.py", line 6, in <module>
    from skills.market_sentiment_risk_hub import MarketSentimentRiskHub
ImportError: cannot import name 'MarketSentimentRiskHub' from 'skills.market_sentiment_risk_hub' (unknown location)


======================================================================
ERROR: test_market_sentiment_telegram_publisher (unittest.loader._FailedTest.test_market_sentiment_telegram_publisher)
----------------------------------------------------------------------
ImportError: Failed to import test module: test_market_sentiment_telegram_publisher
Traceback (most recent call last):
  File "/home/jules/.pyenv/versions/3.12.13/lib/python3.12/unittest/loader.py", line 396, in _find_test_path
    module = self._get_module_from_name(name)
             ^^^^^^^^^^^^^^^^^^^^^^^^^^^^^^^^
  File "/home/jules/.pyenv/versions/3.12.13/lib/python3.12/unittest/loader.py", line 339, in _get_module_from_name
    __import__(name)
  File "/app/tests/test_market_sentiment_telegram_publisher.py", line 7, in <module>
    from skills.market_sentiment_telegram_publisher import (
  File "/app/skills/market_sentiment_telegram_publisher.py", line 2, in <module>
    from skills.market_sentiment_digest import MarketSentimentDigestEngine
  File "/app/skills/market_sentiment_digest.py", line 3, in <module>
    import requests
ModuleNotFoundError: No module named 'requests'


======================================================================
ERROR: test_market_sentiment_telegram_publisher_integration (unittest.loader._FailedTest.test_market_sentiment_telegram_publisher_integration)
----------------------------------------------------------------------
ImportError: Failed to import test module: test_market_sentiment_telegram_publisher_integration
Traceback (most recent call last):
  File "/home/jules/.pyenv/versions/3.12.13/lib/python3.12/unittest/loader.py", line 396, in _find_test_path
    module = self._get_module_from_name(name)
             ^^^^^^^^^^^^^^^^^^^^^^^^^^^^^^^^
  File "/home/jules/.pyenv/versions/3.12.13/lib/python3.12/unittest/loader.py", line 339, in _get_module_from_name
    __import__(name)
  File "/app/tests/test_market_sentiment_telegram_publisher_integration.py", line 6, in <module>
    from skills.market_sentiment_telegram_publisher import (
  File "/app/skills/market_sentiment_telegram_publisher.py", line 2, in <module>
    from skills.market_sentiment_digest import MarketSentimentDigestEngine
  File "/app/skills/market_sentiment_digest.py", line 3, in <module>
    import requests
ModuleNotFoundError: No module named 'requests'


======================================================================
ERROR: test_market_telegram_pipeline (unittest.loader._FailedTest.test_market_telegram_pipeline)
----------------------------------------------------------------------
ImportError: Failed to import test module: test_market_telegram_pipeline
Traceback (most recent call last):
  File "/home/jules/.pyenv/versions/3.12.13/lib/python3.12/unittest/loader.py", line 396, in _find_test_path
    module = self._get_module_from_name(name)
             ^^^^^^^^^^^^^^^^^^^^^^^^^^^^^^^^
  File "/home/jules/.pyenv/versions/3.12.13/lib/python3.12/unittest/loader.py", line 339, in _get_module_from_name
    __import__(name)
  File "/app/tests/test_market_telegram_pipeline.py", line 5, in <module>
    from skills.market_telegram_pipeline import (
  File "/app/skills/market_telegram_pipeline.py", line 1, in <module>
    import requests
ModuleNotFoundError: No module named 'requests'


======================================================================
ERROR: test_market_telegram_pipeline_integration (unittest.loader._FailedTest.test_market_telegram_pipeline_integration)
----------------------------------------------------------------------
ImportError: Failed to import test module: test_market_telegram_pipeline_integration
Traceback (most recent call last):
  File "/home/jules/.pyenv/versions/3.12.13/lib/python3.12/unittest/loader.py", line 396, in _find_test_path
    module = self._get_module_from_name(name)
             ^^^^^^^^^^^^^^^^^^^^^^^^^^^^^^^^
  File "/home/jules/.pyenv/versions/3.12.13/lib/python3.12/unittest/loader.py", line 339, in _get_module_from_name
    __import__(name)
  File "/app/tests/test_market_telegram_pipeline_integration.py", line 5, in <module>
    from skills.market_telegram_pipeline import run_pipeline, run_market_telegram_pipeline
  File "/app/skills/market_telegram_pipeline.py", line 1, in <module>
    import requests
ModuleNotFoundError: No module named 'requests'


======================================================================
FAIL: test_composition_dependencies_imported (test_market_sentiment_risk_hub.TestMarketSentimentRiskHubInquisitor.test_composition_dependencies_imported)
----------------------------------------------------------------------
Traceback (most recent call last):
  File "/app/tests/test_market_sentiment_risk_hub.py", line 27, in test_composition_dependencies_imported
    self.assertTrue(
AssertionError: False is not true : Архитектурный сбой: Модуль market_sentiment_risk_hub обязан импортировать market_news_sentiment_analyzer

----------------------------------------------------------------------
Ran 183 tests in 0.152s

FAILED (failures=1, errors=87, skipped=2)
